../Core/Src/main.c:82:6:__io_putchar	16	static
../Core/Src/main.c:110:14:goto_application	32	static,ignoring_inline_asm
../Core/Src/main.c:158:6:HAL_UART_RxCpltCallback	16	static
../Core/Src/main.c:177:5:main	16	static
../Core/Src/main.c:303:6:SystemClock_Config	88	static
../Core/Src/main.c:356:13:MX_CAN1_Init	8	static
../Core/Src/main.c:393:13:MX_TIM7_Init	24	static
../Core/Src/main.c:431:13:MX_UART4_Init	8	static
../Core/Src/main.c:466:13:MX_UART5_Init	8	static
../Core/Src/main.c:501:13:MX_USART1_UART_Init	8	static
../Core/Src/main.c:536:13:MX_USART3_UART_Init	8	static
../Core/Src/main.c:571:13:MX_USART6_UART_Init	8	static
../Core/Src/main.c:602:13:MX_FMC_Init	40	static
../Core/Src/main.c:660:13:MX_GPIO_Init	64	static
../Core/Src/main.c:760:6:HAL_TIM_PeriodElapsedCallback	16	static
../Core/Src/main.c:777:6:Error_Handler	4	static,ignoring_inline_asm
