Archive member included to satisfy reference by file (symbol)

/opt/st/stm32cubeide_1.11.0/plugins/com.st.stm32cube.ide.mcu.externaltools.gnu-tools-for-stm32.10.3-2021.10.linux64_1.0.100.202210260954/tools/bin/../lib/gcc/arm-none-eabi/10.3.1/../../../../arm-none-eabi/lib/thumb/v7e-m+fp/hard/libstdc++_nano.a(del_ops.o)
                              ./Core/Module/lift_motor/bg95.o (operator delete(void*, unsigned int))
/opt/st/stm32cubeide_1.11.0/plugins/com.st.stm32cube.ide.mcu.externaltools.gnu-tools-for-stm32.10.3-2021.10.linux64_1.0.100.202210260954/tools/bin/../lib/gcc/arm-none-eabi/10.3.1/../../../../arm-none-eabi/lib/thumb/v7e-m+fp/hard/libstdc++_nano.a(new_op.o)
                              ./Core/Module/lift_motor/bg95.o (operator new(unsigned int))
/opt/st/stm32cubeide_1.11.0/plugins/com.st.stm32cube.ide.mcu.externaltools.gnu-tools-for-stm32.10.3-2021.10.linux64_1.0.100.202210260954/tools/bin/../lib/gcc/arm-none-eabi/10.3.1/../../../../arm-none-eabi/lib/thumb/v7e-m+fp/hard/libstdc++_nano.a(functexcept.o)
                              ./Core/Module/lift_motor/bg95.o (std::__throw_bad_alloc())
/opt/st/stm32cubeide_1.11.0/plugins/com.st.stm32cube.ide.mcu.externaltools.gnu-tools-for-stm32.10.3-2021.10.linux64_1.0.100.202210260954/tools/bin/../lib/gcc/arm-none-eabi/10.3.1/../../../../arm-none-eabi/lib/thumb/v7e-m+fp/hard/libstdc++_nano.a(snprintf_lite.o)
                              /opt/st/stm32cubeide_1.11.0/plugins/com.st.stm32cube.ide.mcu.externaltools.gnu-tools-for-stm32.10.3-2021.10.linux64_1.0.100.202210260954/tools/bin/../lib/gcc/arm-none-eabi/10.3.1/../../../../arm-none-eabi/lib/thumb/v7e-m+fp/hard/libstdc++_nano.a(functexcept.o) (__gnu_cxx::__snprintf_lite(char*, unsigned int, char const*, std::__va_list))
/opt/st/stm32cubeide_1.11.0/plugins/com.st.stm32cube.ide.mcu.externaltools.gnu-tools-for-stm32.10.3-2021.10.linux64_1.0.100.202210260954/tools/bin/../lib/gcc/arm-none-eabi/10.3.1/../../../../arm-none-eabi/lib/thumb/v7e-m+fp/hard/libstdc++_nano.a(del_op.o)
                              /opt/st/stm32cubeide_1.11.0/plugins/com.st.stm32cube.ide.mcu.externaltools.gnu-tools-for-stm32.10.3-2021.10.linux64_1.0.100.202210260954/tools/bin/../lib/gcc/arm-none-eabi/10.3.1/../../../../arm-none-eabi/lib/thumb/v7e-m+fp/hard/libstdc++_nano.a(del_ops.o) (operator delete(void*))
/opt/st/stm32cubeide_1.11.0/plugins/com.st.stm32cube.ide.mcu.externaltools.gnu-tools-for-stm32.10.3-2021.10.linux64_1.0.100.202210260954/tools/bin/../lib/gcc/arm-none-eabi/10.3.1/../../../../arm-none-eabi/lib/thumb/v7e-m+fp/hard/libstdc++_nano.a(new_handler.o)
                              /opt/st/stm32cubeide_1.11.0/plugins/com.st.stm32cube.ide.mcu.externaltools.gnu-tools-for-stm32.10.3-2021.10.linux64_1.0.100.202210260954/tools/bin/../lib/gcc/arm-none-eabi/10.3.1/../../../../arm-none-eabi/lib/thumb/v7e-m+fp/hard/libstdc++_nano.a(new_op.o) (std::get_new_handler())
/opt/st/stm32cubeide_1.11.0/plugins/com.st.stm32cube.ide.mcu.externaltools.gnu-tools-for-stm32.10.3-2021.10.linux64_1.0.100.202210260954/tools/bin/../lib/gcc/arm-none-eabi/10.3.1/../../../../arm-none-eabi/lib/thumb/v7e-m+fp/hard/libc_nano.a(lib_a-abort.o)
                              /opt/st/stm32cubeide_1.11.0/plugins/com.st.stm32cube.ide.mcu.externaltools.gnu-tools-for-stm32.10.3-2021.10.linux64_1.0.100.202210260954/tools/bin/../lib/gcc/arm-none-eabi/10.3.1/../../../../arm-none-eabi/lib/thumb/v7e-m+fp/hard/libstdc++_nano.a(new_op.o) (abort)
/opt/st/stm32cubeide_1.11.0/plugins/com.st.stm32cube.ide.mcu.externaltools.gnu-tools-for-stm32.10.3-2021.10.linux64_1.0.100.202210260954/tools/bin/../lib/gcc/arm-none-eabi/10.3.1/../../../../arm-none-eabi/lib/thumb/v7e-m+fp/hard/libc_nano.a(lib_a-errno.o)
                              ./Core/Src/syscalls.o (__errno)
/opt/st/stm32cubeide_1.11.0/plugins/com.st.stm32cube.ide.mcu.externaltools.gnu-tools-for-stm32.10.3-2021.10.linux64_1.0.100.202210260954/tools/bin/../lib/gcc/arm-none-eabi/10.3.1/../../../../arm-none-eabi/lib/thumb/v7e-m+fp/hard/libc_nano.a(lib_a-exit.o)
                              /opt/st/stm32cubeide_1.11.0/plugins/com.st.stm32cube.ide.mcu.externaltools.gnu-tools-for-stm32.10.3-2021.10.linux64_1.0.100.202210260954/tools/bin/../lib/gcc/arm-none-eabi/10.3.1/../../../../arm-none-eabi/lib/thumb/v7e-m+fp/hard/crt0.o (exit)
/opt/st/stm32cubeide_1.11.0/plugins/com.st.stm32cube.ide.mcu.externaltools.gnu-tools-for-stm32.10.3-2021.10.linux64_1.0.100.202210260954/tools/bin/../lib/gcc/arm-none-eabi/10.3.1/../../../../arm-none-eabi/lib/thumb/v7e-m+fp/hard/libc_nano.a(lib_a-impure.o)
                              /opt/st/stm32cubeide_1.11.0/plugins/com.st.stm32cube.ide.mcu.externaltools.gnu-tools-for-stm32.10.3-2021.10.linux64_1.0.100.202210260954/tools/bin/../lib/gcc/arm-none-eabi/10.3.1/../../../../arm-none-eabi/lib/thumb/v7e-m+fp/hard/libc_nano.a(lib_a-exit.o) (_global_impure_ptr)
[...]
Memory Configuration

Name             Origin             Length             Attributes
RAM              0x0000000020000000 0x0000000000050000 xrw
FLASH            0x0000000008000000 0x0000000000080000 xr
*default*        0x0000000000000000 0xffffffffffffffff

Linker script and memory map

LOAD /opt/st/stm32cubeide_1.11.0/plugins/com.st.stm32cube.ide.mcu.externaltools.gnu-tools-for-stm32.10.3-2021.10.linux64_1.0.100.202210260954/tools/bin/../lib/gcc/arm-none-eabi/10.3.1/thumb/v7e-m+fp/hard/crti.o
LOAD /opt/st/stm32cubeide_1.11.0/plugins/com.st.stm32cube.ide.mcu.externaltools.gnu-tools-for-stm32.10.3-2021.10.linux64_1.0.100.202210260954/tools/bin/../lib/gcc/arm-none-eabi/10.3.1/thumb/v7e-m+fp/hard/crtbegin.o
LOAD /opt/st/stm32cubeide_1.11.0/plugins/com.st.stm32cube.ide.mcu.externaltools.gnu-tools-for-stm32.10.3-2021.10.linux64_1.0.100.202210260954/tools/bin/../lib/gcc/arm-none-eabi/10.3.1/../../../../arm-none-eabi/lib/thumb/v7e-m+fp/hard/crt0.o
LOAD ./Core/Module/lift_motor/bg95.o
LOAD ./Core/Module/lift_motor/bg95_command.o
LOAD ./Core/Module/transmit_tools/transmit_tools.o
LOAD ./Core/Src/main.o
LOAD ./Core/Src/stm32f7xx_hal_msp.o
LOAD ./Core/Src/stm32f7xx_hal_timebase_tim.o
LOAD ./Core/Src/stm32f7xx_it.o
LOAD ./Core/Src/syscalls.o
LOAD ./Core/Src/sysmem.o
LOAD ./Core/Src/system_stm32f7xx.o
LOAD ./Core/Startup/startup_stm32f746zetx.o
LOAD ./Drivers/STM32F7xx_HAL_Driver/Src/stm32f7xx_hal.o
LOAD ./Drivers/STM32F7xx_HAL_Driver/Src/stm32f7xx_hal_can.o
LOAD ./Drivers/STM32F7xx_HAL_Driver/Src/stm32f7xx_hal_cortex.o
LOAD ./Drivers/STM32F7xx_HAL_Driver/Src/stm32f7xx_hal_dma.o
LOAD ./Drivers/STM32F7xx_HAL_Driver/Src/stm32f7xx_hal_dma_ex.o
LOAD ./Drivers/STM32F7xx_HAL_Driver/Src/stm32f7xx_hal_exti.o
LOAD ./Drivers/STM32F7xx_HAL_Driver/Src/stm32f7xx_hal_flash.o
LOAD ./Drivers/STM32F7xx_HAL_Driver/Src/stm32f7xx_hal_flash_ex.o
LOAD ./Drivers/STM32F7xx_HAL_Driver/Src/stm32f7xx_hal_gpio.o
LOAD ./Drivers/STM32F7xx_HAL_Driver/Src/stm32f7xx_hal_i2c.o
LOAD ./Drivers/STM32F7xx_HAL_Driver/Src/stm32f7xx_hal_i2c_ex.o
LOAD ./Drivers/STM32F7xx_HAL_Driver/Src/stm32f7xx_hal_pwr.o
LOAD ./Drivers/STM32F7xx_HAL_Driver/Src/stm32f7xx_hal_pwr_ex.o
LOAD ./Drivers/STM32F7xx_HAL_Driver/Src/stm32f7xx_hal_rcc.o
LOAD ./Drivers/STM32F7xx_HAL_Driver/Src/stm32f7xx_hal_rcc_ex.o
LOAD ./Drivers/STM32F7xx_HAL_Driver/Src/stm32f7xx_hal_sram.o
LOAD ./Drivers/STM32F7xx_HAL_Driver/Src/stm32f7xx_hal_tim.o
LOAD ./Drivers/STM32F7xx_HAL_Driver/Src/stm32f7xx_hal_tim_ex.o
LOAD ./Drivers/STM32F7xx_HAL_Driver/Src/stm32f7xx_hal_uart.o
LOAD ./Drivers/STM32F7xx_HAL_Driver/Src/stm32f7xx_hal_uart_ex.o
LOAD ./Drivers/STM32F7xx_HAL_Driver/Src/stm32f7xx_ll_fmc.o
START GROUP
LOAD /opt/st/stm32cubeide_1.11.0/plugins/com.st.stm32cube.ide.mcu.externaltools.gnu-tools-for-stm32.10.3-2021.10.linux64_1.0.100.202210260954/tools/bin/../lib/gcc/arm-none-eabi/10.3.1/../../../../arm-none-eabi/lib/thumb/v7e-m+fp/hard/libstdc++_nano.a
LOAD /opt/st/stm32cubeide_1.11.0/plugins/com.st.stm32cube.ide.mcu.externaltools.gnu-tools-for-stm32.10.3-2021.10.linux64_1.0.100.202210260954/tools/bin/../lib/gcc/arm-none-eabi/10.3.1/../../../../arm-none-eabi/lib/thumb/v7e-m+fp/hard/libsupc++_nano.a
END GROUP
LOAD /opt/st/stm32cubeide_1.11.0/plugins/com.st.stm32cube.ide.mcu.externaltools.gnu-tools-for-stm32.10.3-2021.10.linux64_1.0.100.202210260954/tools/bin/../lib/gcc/arm-none-eabi/10.3.1/../../../../arm-none-eabi/lib/thumb/v7e-m+fp/hard/libstdc++_nano.a
LOAD /opt/st/stm32cubeide_1.11.0/plugins/com.st.stm32cube.ide.mcu.externaltools.gnu-tools-for-stm32.10.3-2021.10.linux64_1.0.100.202210260954/tools/bin/../lib/gcc/arm-none-eabi/10.3.1/../../../../arm-none-eabi/lib/thumb/v7e-m+fp/hard/libm.a
LOAD /opt/st/stm32cubeide_1.11.0/plugins/com.st.stm32cube.ide.mcu.externaltools.gnu-tools-for-stm32.10.3-2021.10.linux64_1.0.100.202210260954/tools/bin/../lib/gcc/arm-none-eabi/10.3.1/../../../../arm-none-eabi/lib/thumb/v7e-m+fp/hard/libc_nano.a
START GROUP
LOAD /opt/st/stm32cubeide_1.11.0/plugins/com.st.stm32cube.ide.mcu.externaltools.gnu-tools-for-stm32.10.3-2021.10.linux64_1.0.100.202210260954/tools/bin/../lib/gcc/arm-none-eabi/10.3.1/thumb/v7e-m+fp/hard/libgcc.a
LOAD /opt/st/stm32cubeide_1.11.0/plugins/com.st.stm32cube.ide.mcu.externaltools.gnu-tools-for-stm32.10.3-2021.10.linux64_1.0.100.202210260954/tools/bin/../lib/gcc/arm-none-eabi/10.3.1/../../../../arm-none-eabi/lib/thumb/v7e-m+fp/hard/libc_nano.a
END GROUP
START GROUP
LOAD /opt/st/stm32cubeide_1.11.0/plugins/com.st.stm32cube.ide.mcu.externaltools.gnu-tools-for-stm32.10.3-2021.10.linux64_1.0.100.202210260954/tools/bin/../lib/gcc/arm-none-eabi/10.3.1/thumb/v7e-m+fp/hard/libgcc.a
LOAD /opt/st/stm32cubeide_1.11.0/plugins/com.st.stm32cube.ide.mcu.externaltools.gnu-tools-for-stm32.10.3-2021.10.linux64_1.0.100.202210260954/tools/bin/../lib/gcc/arm-none-eabi/10.3.1/../../../../arm-none-eabi/lib/thumb/v7e-m+fp/hard/libc_nano.a
LOAD /opt/st/stm32cubeide_1.11.0/plugins/com.st.stm32cube.ide.mcu.externaltools.gnu-tools-for-stm32.10.3-2021.10.linux64_1.0.100.202210260954/tools/bin/../lib/gcc/arm-none-eabi/10.3.1/../../../../arm-none-eabi/lib/thumb/v7e-m+fp/hard/libnosys.a
END GROUP
START GROUP
LOAD /opt/st/stm32cubeide_1.11.0/plugins/com.st.stm32cube.ide.mcu.externaltools.gnu-tools-for-stm32.10.3-2021.10.linux64_1.0.100.202210260954/tools/bin/../lib/gcc/arm-none-eabi/10.3.1/thumb/v7e-m+fp/hard/libgcc.a
LOAD /opt/st/stm32cubeide_1.11.0/plugins/com.st.stm32cube.ide.mcu.externaltools.gnu-tools-for-stm32.10.3-2021.10.linux64_1.0.100.202210260954/tools/bin/../lib/gcc/arm-none-eabi/10.3.1/../../../../arm-none-eabi/lib/thumb/v7e-m+fp/hard/libc_nano.a
LOAD /opt/st/stm32cubeide_1.11.0/plugins/com.st.stm32cube.ide.mcu.externaltools.gnu-tools-for-stm32.10.3-2021.10.linux64_1.0.100.202210260954/tools/bin/../lib/gcc/arm-none-eabi/10.3.1/../../../../arm-none-eabi/lib/thumb/v7e-m+fp/hard/libnosys.a
END GROUP
LOAD /opt/st/stm32cubeide_1.11.0/plugins/com.st.stm32cube.ide.mcu.externaltools.gnu-tools-for-stm32.10.3-2021.10.linux64_1.0.100.202210260954/tools/bin/../lib/gcc/arm-none-eabi/10.3.1/thumb/v7e-m+fp/hard/crtend.o
LOAD /opt/st/stm32cubeide_1.11.0/plugins/com.st.stm32cube.ide.mcu.externaltools.gnu-tools-for-stm32.10.3-2021.10.linux64_1.0.100.202210260954/tools/bin/../lib/gcc/arm-none-eabi/10.3.1/thumb/v7e-m+fp/hard/crtn.o
                0x0000000020050000                _estack = (ORIGIN (RAM) + LENGTH (RAM))
                0x0000000000002000                _Min_Heap_Size = 0x2000
                0x0000000000004000                _Min_Stack_Size = 0x4000

.isr_vector     0x0000000008000000      0x1c8
                0x0000000008000000                . = ALIGN (0x4)
 *(.isr_vector)
 .isr_vector    0x0000000008000000      0x1c8 ./Core/Startup/startup_stm32f746zetx.o
                0x0000000008000000                g_pfnVectors
                0x00000000080001c8                . = ALIGN (0x4)

.text           0x00000000080001c8     0x8ccc
                0x00000000080001c8                . = ALIGN (0x4)
 *(.text)
 .text          0x00000000080001c8       0x40 /opt/st/stm32cubeide_1.11.0/plugins/com.st.stm32cube.ide.mcu.externaltools.gnu-tools-for-stm32.10.3-2021.10.linux64_1.0.100.202210260954/tools/bin/../lib/gcc/arm-none-eabi/10.3.1/thumb/v7e-m+fp/hard/crtbegin.o
 .text          0x0000000008000208       0x30 /opt/st/stm32cubeide_1.11.0/plugins/com.st.stm32cube.ide.mcu.externaltools.gnu-tools-for-stm32.10.3-2021.10.linux64_1.0.100.202210260954/tools/bin/../lib/gcc/arm-none-eabi/10.3.1/thumb/v7e-m+fp/hard/libgcc.a(_aeabi_uldivmod.o)
                0x0000000008000208                __aeabi_uldivmod
 .text          0x0000000008000238      0x2d0 /opt/st/stm32cubeide_1.11.0/plugins/com.st.stm32cube.ide.mcu.externaltools.gnu-tools-for-stm32.10.3-2021.10.linux64_1.0.100.202210260954/tools/bin/../lib/gcc/arm-none-eabi/10.3.1/thumb/v7e-m+fp/hard/libgcc.a(_udivmoddi4.o)
                0x0000000008000238                __udivmoddi4
 .text          0x0000000008000508        0x4 /opt/st/stm32cubeide_1.11.0/plugins/com.st.stm32cube.ide.mcu.externaltools.gnu-tools-for-stm32.10.3-2021.10.linux64_1.0.100.202210260954/tools/bin/../lib/gcc/arm-none-eabi/10.3.1/thumb/v7e-m+fp/hard/libgcc.a(_dvmd_tls.o)
                0x0000000008000508                __aeabi_ldiv0
                0x0000000008000508                __aeabi_idiv0
 *(.text*)
 .text._ZnwjPv  0x000000000800050c       0x18 ./Core/Module/lift_motor/bg95.o
                0x000000000800050c                operator new(unsigned int, void*)
 .text._ZNSt12_Vector_baseI23CAN_WData_HandleTypeDefSaIS0_EE12_Vector_implD2Ev
                0x0000000008000524       0x18 ./Core/Module/lift_motor/bg95.o
                0x0000000008000524                std::_Vector_base<CAN_WData_HandleTypeDef, std::allocator<CAN_WData_HandleTypeDef> >::_Vector_impl::~_Vector_impl()
                0x0000000008000524                std::_Vector_base<CAN_WData_HandleTypeDef, std::allocator<CAN_WData_HandleTypeDef> >::_Vector_impl::~_Vector_impl()
 .text._ZNSt12_Vector_baseI23CAN_WData_HandleTypeDefSaIS0_EEC2Ev
                0x000000000800053c       0x1a ./Core/Module/lift_motor/bg95.o
                0x000000000800053c                std::_Vector_base<CAN_WData_HandleTypeDef, std::allocator<CAN_WData_HandleTypeDef> >::_Vector_base()
                0x000000000800053c                std::_Vector_base<CAN_WData_HandleTypeDef, std::allocator<CAN_WData_HandleTypeDef> >::_Vector_base()
 .text._ZNSt6vectorI23CAN_WData_HandleTypeDefSaIS0_EEC2Ev
                0x0000000008000556       0x1a ./Core/Module/lift_motor/bg95.o
                0x0000000008000556                std::vector<CAN_WData_HandleTypeDef, std::allocator<CAN_WData_HandleTypeDef> >::vector()
                0x0000000008000556                std::vector<CAN_WData_HandleTypeDef, std::allocator<CAN_WData_HandleTypeDef> >::vector()
 .text._ZN23CAN_WData_HandleTypeDefC2Ev
                0x0000000008000570       0x20 ./Core/Module/lift_motor/bg95.o
                0x0000000008000570                CAN_WData_HandleTypeDef::CAN_WData_HandleTypeDef()
                0x0000000008000570                CAN_WData_HandleTypeDef::CAN_WData_HandleTypeDef()
 .text._ZNSt12_Vector_baseI23CAN_RData_HandleTypeDefSaIS0_EE12_Vector_implD2Ev
                0x0000000008000590       0x18 ./Core/Module/lift_motor/bg95.o
                0x0000000008000590                std::_Vector_base<CAN_RData_HandleTypeDef, std::allocator<CAN_RData_HandleTypeDef> >::_Vector_impl::~_Vector_impl()
                0x0000000008000590                std::_Vector_base<CAN_RData_HandleTypeDef, std::allocator<CAN_RData_HandleTypeDef> >::_Vector_impl::~_Vector_impl()
 .text._ZNSt12_Vector_baseI23CAN_RData_HandleTypeDefSaIS0_EEC2Ev
                0x00000000080005a8       0x1a ./Core/Module/lift_motor/bg95.o
                0x00000000080005a8                std::_Vector_base<CAN_RData_HandleTypeDef, std::allocator<CAN_RData_HandleTypeDef> >::_Vector_base()
                0x00000000080005a8                std::_Vector_base<CAN_RData_HandleTypeDef, std::allocator<CAN_RData_HandleTypeDef> >::_Vector_base()
 .text._ZNSt6vectorI23CAN_RData_HandleTypeDefSaIS0_EEC2Ev
                0x00000000080005c2       0x1a ./Core/Module/lift_motor/bg95.o
                0x00000000080005c2                std::vector<CAN_RData_HandleTypeDef, std::allocator<CAN_RData_HandleTypeDef> >::vector()
                0x00000000080005c2                std::vector<CAN_RData_HandleTypeDef, std::allocator<CAN_RData_HandleTypeDef> >::vector()
 .text._ZN4BG95C2EP19__CAN_HandleTypeDefi
                0x00000000080005dc       0xbc ./Core/Module/lift_motor/bg95.o
                0x00000000080005dc                BG95::BG95(__CAN_HandleTypeDef*, int)
                0x00000000080005dc                BG95::BG95(__CAN_HandleTypeDef*, int)
 .text._ZN4BG95D2Ev
                0x0000000008000698       0x40 ./Core/Module/lift_motor/bg95.o
                0x0000000008000698                BG95::~BG95()
                0x0000000008000698                BG95::~BG95()
 .text._ZN4BG95D0Ev
                0x00000000080006d8       0x20 ./Core/Module/lift_motor/bg95.o
                0x00000000080006d8                BG95::~BG95()
 .text._ZN4BG9519IntializeParametersEv
                0x00000000080006f8       0xb2 ./Core/Module/lift_motor/bg95.o
                0x00000000080006f8                BG95::IntializeParameters()
 .text._ZN4BG9522HAL_CAN_InitializationEv
                0x00000000080007aa       0x26 ./Core/Module/lift_motor/bg95.o
                0x00000000080007aa                BG95::HAL_CAN_Initialization()
 .text._ZN4BG9524HAL_CAN_DeInitializationEv
                0x00000000080007d0       0x26 ./Core/Module/lift_motor/bg95.o
                0x00000000080007d0                BG95::HAL_CAN_DeInitialization()
 *fill*         0x00000000080007f6        0x2 
 .text._ZN4BG9511SendRequestEv
                0x00000000080007f8       0xf8 ./Core/Module/lift_motor/bg95.o
                0x00000000080007f8                BG95::SendRequest()
 .text._ZN23CAN_RData_HandleTypeDefC2Ev
                0x00000000080008f0       0x20 ./Core/Module/lift_motor/bg95.o
                0x00000000080008f0                CAN_RData_HandleTypeDef::CAN_RData_HandleTypeDef()
                0x00000000080008f0                CAN_RData_HandleTypeDef::CAN_RData_HandleTypeDef()
 .text._ZN4BG9512RecvResponseEv
                0x0000000008000910       0xdc ./Core/Module/lift_motor/bg95.o
                0x0000000008000910                BG95::RecvResponse()
 .text._ZN4BG9516WriteDataEnqueueEiii
                0x00000000080009ec       0xe6 ./Core/Module/lift_motor/bg95.o
                0x00000000080009ec                BG95::WriteDataEnqueue(int, int, int)
 .text._ZN4BG9521AsyncWriteDataEnqueueEiii
                0x0000000008000ad2       0xe6 ./Core/Module/lift_motor/bg95.o
                0x0000000008000ad2                BG95::AsyncWriteDataEnqueue(int, int, int)
 .text._ZN4BG9515ReadDataEnqueueEii
                0x0000000008000bb8       0x54 ./Core/Module/lift_motor/bg95.o
                0x0000000008000bb8                BG95::ReadDataEnqueue(int, int)
 .text._ZN4BG9519SelectSendQueueTypeEv
                0x0000000008000c0c       0x48 ./Core/Module/lift_motor/bg95.o
                0x0000000008000c0c                BG95::SelectSendQueueType()
 .text._ZN4BG9519SelectSendQueueDataEi
                0x0000000008000c54       0x70 ./Core/Module/lift_motor/bg95.o
                0x0000000008000c54                BG95::SelectSendQueueData(int)
 .text._ZN4BG9521AsyncQueueSaveRequestE23CAN_WData_HandleTypeDef
                0x0000000008000cc4       0x3a ./Core/Module/lift_motor/bg95.o
                0x0000000008000cc4                BG95::AsyncQueueSaveRequest(CAN_WData_HandleTypeDef)
 .text._ZN4BG9516QueueSaveRequestE23CAN_WData_HandleTypeDef
                0x0000000008000cfe       0x30 ./Core/Module/lift_motor/bg95.o
                0x0000000008000cfe                BG95::QueueSaveRequest(CAN_WData_HandleTypeDef)
 .text._ZN4BG9518QueueDeleteRequestEv
                0x0000000008000d2e       0x80 ./Core/Module/lift_motor/bg95.o
                0x0000000008000d2e                BG95::QueueDeleteRequest()
 .text._ZN4BG9516QueueSaveReceiveE23CAN_RData_HandleTypeDef
                0x0000000008000dae       0x30 ./Core/Module/lift_motor/bg95.o
                0x0000000008000dae                BG95::QueueSaveReceive(CAN_RData_HandleTypeDef)
 .text._ZN4BG9518QueueDeleteReceiveEv
                0x0000000008000dde       0x54 ./Core/Module/lift_motor/bg95.o
                0x0000000008000dde                BG95::QueueDeleteReceive()
 .text._ZN4BG9518QueueChangeReceiveEv
                0x0000000008000e32       0x58 ./Core/Module/lift_motor/bg95.o
                0x0000000008000e32                BG95::QueueChangeReceive()
 .text._ZN4BG9524IsAsyncRequestQueueEmptyEv
                0x0000000008000e8a       0x1c ./Core/Module/lift_motor/bg95.o
                0x0000000008000e8a                BG95::IsAsyncRequestQueueEmpty()
 .text._ZN4BG9519IsRequestQueueEmptyEv
                0x0000000008000ea6       0x1c ./Core/Module/lift_motor/bg95.o
                0x0000000008000ea6                BG95::IsRequestQueueEmpty()
 .text._ZN4BG9519IsReceiveQueueEmptyEv
                0x0000000008000ec2       0x1c ./Core/Module/lift_motor/bg95.o
                0x0000000008000ec2                BG95::IsReceiveQueueEmpty()
 .text._ZN4BG9517IsSendTickReachedEv
                0x0000000008000ede       0x46 ./Core/Module/lift_motor/bg95.o
                0x0000000008000ede                BG95::IsSendTickReached()
 .text._ZN4BG9514IsRecvTimedOutEv
                0x0000000008000f24       0x3c ./Core/Module/lift_motor/bg95.o
                0x0000000008000f24                BG95::IsRecvTimedOut()
 .text._ZN4BG9519CheckReceivedNodeIdEv
                0x0000000008000f60       0x3a ./Core/Module/lift_motor/bg95.o
                0x0000000008000f60                BG95::CheckReceivedNodeId()
 .text._ZN4BG9516CheckCommandDataEv
                0x0000000008000f9a       0x74 ./Core/Module/lift_motor/bg95.o
                0x0000000008000f9a                BG95::CheckCommandData()
 .text._ZN4BG9518CheckExceptionCaseEv
                0x000000000800100e       0x4c ./Core/Module/lift_motor/bg95.o
                0x000000000800100e                BG95::CheckExceptionCase()
 .text._ZN4BG9516CheckErrorStatusEv
                0x000000000800105a       0x7a ./Core/Module/lift_motor/bg95.o
                0x000000000800105a                BG95::CheckErrorStatus()
 .text._ZN4BG959StoreDataEiii
                0x00000000080010d4      0x190 ./Core/Module/lift_motor/bg95.o
                0x00000000080010d4                BG95::StoreData(int, int, int)
 .text._ZN4BG9511DataProcessEv
                0x0000000008001264       0x84 ./Core/Module/lift_motor/bg95.o
                0x0000000008001264                BG95::DataProcess()
 .text._ZN4BG9515CommErrorHandleEv
                0x00000000080012e8       0xca ./Core/Module/lift_motor/bg95.o
                0x00000000080012e8                BG95::CommErrorHandle()
 .text._ZN4BG9516ModuleErrorCheckEv
                0x00000000080013b2       0x5a ./Core/Module/lift_motor/bg95.o
                0x00000000080013b2                BG95::ModuleErrorCheck()
 .text._ZN4BG9510DriveCheckEv
                0x000000000800140c       0x70 ./Core/Module/lift_motor/bg95.o
                0x000000000800140c                BG95::DriveCheck()
 .text._ZN4BG9511InitProcessEv
                0x000000000800147c       0x3e ./Core/Module/lift_motor/bg95.o
                0x000000000800147c                BG95::InitProcess()
 .text._ZN4BG9511SendProcessEv
                0x00000000080014ba       0xa0 ./Core/Module/lift_motor/bg95.o
                0x00000000080014ba                BG95::SendProcess()
 .text._ZN4BG9511RecvProcessEv
                0x000000000800155a       0x20 ./Core/Module/lift_motor/bg95.o
                0x000000000800155a                BG95::RecvProcess()
 .text._ZN4BG9511PostProcessEv
                0x000000000800157a       0x7a ./Core/Module/lift_motor/bg95.o
                0x000000000800157a                BG95::PostProcess()
 .text._ZN4BG9514InitializationEv
                0x00000000080015f4       0x28 ./Core/Module/lift_motor/bg95.o
                0x00000000080015f4                BG95::Initialization()
 .text._ZN4BG955DriveEv
                0x000000000800161c       0x3c ./Core/Module/lift_motor/bg95.o
                0x000000000800161c                BG95::Drive()
 .text._ZN4BG9510IsInitTrueEv
                0x0000000008001658       0x18 ./Core/Module/lift_motor/bg95.o
                0x0000000008001658                BG95::IsInitTrue()
 .text._ZN4BG959IsRunTrueEv
                0x0000000008001670       0x18 ./Core/Module/lift_motor/bg95.o
                0x0000000008001670                BG95::IsRunTrue()
 .text._ZN4BG959IsErrTrueEv
                0x0000000008001688       0x18 ./Core/Module/lift_motor/bg95.o
                0x0000000008001688                BG95::IsErrTrue()
 .text._ZN4BG9515GetMotorErrDataEv
                0x00000000080016a0       0x18 ./Core/Module/lift_motor/bg95.o
                0x00000000080016a0                BG95::GetMotorErrData()
 .text._ZN4BG9512IsMotorErrUpEv
                0x00000000080016b8       0x26 ./Core/Module/lift_motor/bg95.o
                0x00000000080016b8                BG95::IsMotorErrUp()
 .text._ZNSt12_Vector_baseI23CAN_WData_HandleTypeDefSaIS0_EE12_Vector_implC2Ev
                0x00000000080016de       0x20 ./Core/Module/lift_motor/bg95.o
                0x00000000080016de                std::_Vector_base<CAN_WData_HandleTypeDef, std::allocator<CAN_WData_HandleTypeDef> >::_Vector_impl::_Vector_impl()
                0x00000000080016de                std::_Vector_base<CAN_WData_HandleTypeDef, std::allocator<CAN_WData_HandleTypeDef> >::_Vector_impl::_Vector_impl()
 .text._ZNSaI23CAN_WData_HandleTypeDefED2Ev
                0x00000000080016fe       0x18 ./Core/Module/lift_motor/bg95.o
                0x00000000080016fe                std::allocator<CAN_WData_HandleTypeDef>::~allocator()
                0x00000000080016fe                std::allocator<CAN_WData_HandleTypeDef>::~allocator()
 .text._ZNSt12_Vector_baseI23CAN_WData_HandleTypeDefSaIS0_EED2Ev
                0x0000000008001716       0x32 ./Core/Module/lift_motor/bg95.o
                0x0000000008001716                std::_Vector_base<CAN_WData_HandleTypeDef, std::allocator<CAN_WData_HandleTypeDef> >::~_Vector_base()
                0x0000000008001716                std::_Vector_base<CAN_WData_HandleTypeDef, std::allocator<CAN_WData_HandleTypeDef> >::~_Vector_base()
 .text._ZNSt6vectorI23CAN_WData_HandleTypeDefSaIS0_EED2Ev
                0x0000000008001748       0x36 ./Core/Module/lift_motor/bg95.o
                0x0000000008001748                std::vector<CAN_WData_HandleTypeDef, std::allocator<CAN_WData_HandleTypeDef> >::~vector()
                0x0000000008001748                std::vector<CAN_WData_HandleTypeDef, std::allocator<CAN_WData_HandleTypeDef> >::~vector()
 .text._ZNSt12_Vector_baseI23CAN_RData_HandleTypeDefSaIS0_EE12_Vector_implC2Ev
                0x000000000800177e       0x20 ./Core/Module/lift_motor/bg95.o
                0x000000000800177e                std::_Vector_base<CAN_RData_HandleTypeDef, std::allocator<CAN_RData_HandleTypeDef> >::_Vector_impl::_Vector_impl()
                0x000000000800177e                std::_Vector_base<CAN_RData_HandleTypeDef, std::allocator<CAN_RData_HandleTypeDef> >::_Vector_impl::_Vector_impl()
 .text._ZNSaI23CAN_RData_HandleTypeDefED2Ev
                0x000000000800179e       0x18 ./Core/Module/lift_motor/bg95.o
                0x000000000800179e                std::allocator<CAN_RData_HandleTypeDef>::~allocator()
                0x000000000800179e                std::allocator<CAN_RData_HandleTypeDef>::~allocator()
 .text._ZNSt12_Vector_baseI23CAN_RData_HandleTypeDefSaIS0_EED2Ev
                0x00000000080017b6       0x32 ./Core/Module/lift_motor/bg95.o
                0x00000000080017b6                std::_Vector_base<CAN_RData_HandleTypeDef, std::allocator<CAN_RData_HandleTypeDef> >::~_Vector_base()
                0x00000000080017b6                std::_Vector_base<CAN_RData_HandleTypeDef, std::allocator<CAN_RData_HandleTypeDef> >::~_Vector_base()
 .text._ZNSt6vectorI23CAN_RData_HandleTypeDefSaIS0_EED2Ev
                0x00000000080017e8       0x36 ./Core/Module/lift_motor/bg95.o
                0x00000000080017e8                std::vector<CAN_RData_HandleTypeDef, std::allocator<CAN_RData_HandleTypeDef> >::~vector()
                0x00000000080017e8                std::vector<CAN_RData_HandleTypeDef, std::allocator<CAN_RData_HandleTypeDef> >::~vector()
 .text._ZNSt6vectorI23CAN_WData_HandleTypeDefSaIS0_EE5clearEv
                0x000000000800181e       0x1c ./Core/Module/lift_motor/bg95.o
                0x000000000800181e                std::vector<CAN_WData_HandleTypeDef, std::allocator<CAN_WData_HandleTypeDef> >::clear()
 .text._ZNSt6vectorI23CAN_RData_HandleTypeDefSaIS0_EE5clearEv
                0x000000000800183a       0x1c ./Core/Module/lift_motor/bg95.o
                0x000000000800183a                std::vector<CAN_RData_HandleTypeDef, std::allocator<CAN_RData_HandleTypeDef> >::clear()
 .text._ZSt4copyIPhS0_ET0_T_S2_S1_
                0x0000000008001856       0x30 ./Core/Module/lift_motor/bg95.o
                0x0000000008001856                unsigned char* std::copy<unsigned char*, unsigned char*>(unsigned char*, unsigned char*, unsigned char*)
 .text._ZNSt6vectorI23CAN_WData_HandleTypeDefSaIS0_EE5frontEv
                0x0000000008001886       0x26 ./Core/Module/lift_motor/bg95.o
                0x0000000008001886                std::vector<CAN_WData_HandleTypeDef, std::allocator<CAN_WData_HandleTypeDef> >::front()
 .text._ZNSt6vectorI23CAN_WData_HandleTypeDefSaIS0_EE9push_backERKS0_
                0x00000000080018ac       0x4c ./Core/Module/lift_motor/bg95.o
                0x00000000080018ac                std::vector<CAN_WData_HandleTypeDef, std::allocator<CAN_WData_HandleTypeDef> >::push_back(CAN_WData_HandleTypeDef const&)
 .text._ZNSt6vectorI23CAN_WData_HandleTypeDefSaIS0_EE5beginEv
                0x00000000080018f8       0x20 ./Core/Module/lift_motor/bg95.o
                0x00000000080018f8                std::vector<CAN_WData_HandleTypeDef, std::allocator<CAN_WData_HandleTypeDef> >::begin()
 .text._ZN9__gnu_cxx17__normal_iteratorIPK23CAN_WData_HandleTypeDefSt6vectorIS1_SaIS1_EEEC2IPS1_EERKNS0_IT_NS_11__enable_ifIXsrSt10__are_sameISA_S9_E7__valueES6_E6__typeEEE
                0x0000000008001918       0x22 ./Core/Module/lift_motor/bg95.o
                0x0000000008001918                __gnu_cxx::__normal_iterator<CAN_WData_HandleTypeDef const*, std::vector<CAN_WData_HandleTypeDef, std::allocator<CAN_WData_HandleTypeDef> > >::__normal_iterator<CAN_WData_HandleTypeDef*>(__gnu_cxx::__normal_iterator<CAN_WData_HandleTypeDef*, __gnu_cxx::__enable_if<std::__are_same<CAN_WData_HandleTypeDef*, CAN_WData_HandleTypeDef*>::__value, std::vector<CAN_WData_HandleTypeDef, std::allocator<CAN_WData_HandleTypeDef> > >::__type> const&)
                0x0000000008001918                __gnu_cxx::__normal_iterator<CAN_WData_HandleTypeDef const*, std::vector<CAN_WData_HandleTypeDef, std::allocator<CAN_WData_HandleTypeDef> > >::__normal_iterator<CAN_WData_HandleTypeDef*>(__gnu_cxx::__normal_iterator<CAN_WData_HandleTypeDef*, __gnu_cxx::__enable_if<std::__are_same<CAN_WData_HandleTypeDef*, CAN_WData_HandleTypeDef*>::__value, std::vector<CAN_WData_HandleTypeDef, std::allocator<CAN_WData_HandleTypeDef> > >::__type> const&)
 .text._ZNSt6vectorI23CAN_WData_HandleTypeDefSaIS0_EE5eraseEN9__gnu_cxx17__normal_iteratorIPKS0_S2_EE
                0x000000000800193a       0x4e ./Core/Module/lift_motor/bg95.o
                0x000000000800193a                std::vector<CAN_WData_HandleTypeDef, std::allocator<CAN_WData_HandleTypeDef> >::erase(__gnu_cxx::__normal_iterator<CAN_WData_HandleTypeDef const*, std::vector<CAN_WData_HandleTypeDef, std::allocator<CAN_WData_HandleTypeDef> > >)
 .text._ZNSt6vectorI23CAN_RData_HandleTypeDefSaIS0_EE9push_backERKS0_
                0x0000000008001988       0x4c ./Core/Module/lift_motor/bg95.o
                0x0000000008001988                std::vector<CAN_RData_HandleTypeDef, std::allocator<CAN_RData_HandleTypeDef> >::push_back(CAN_RData_HandleTypeDef const&)
 .text._ZNKSt6vectorI23CAN_RData_HandleTypeDefSaIS0_EE5emptyEv
                0x00000000080019d4       0x36 ./Core/Module/lift_motor/bg95.o
                0x00000000080019d4                std::vector<CAN_RData_HandleTypeDef, std::allocator<CAN_RData_HandleTypeDef> >::empty() const
 .text._ZNSt6vectorI23CAN_RData_HandleTypeDefSaIS0_EE5beginEv
                0x0000000008001a0a       0x20 ./Core/Module/lift_motor/bg95.o
                0x0000000008001a0a                std::vector<CAN_RData_HandleTypeDef, std::allocator<CAN_RData_HandleTypeDef> >::begin()
 .text._ZN9__gnu_cxx17__normal_iteratorIPK23CAN_RData_HandleTypeDefSt6vectorIS1_SaIS1_EEEC2IPS1_EERKNS0_IT_NS_11__enable_ifIXsrSt10__are_sameISA_S9_E7__valueES6_E6__typeEEE
                0x0000000008001a2a       0x22 ./Core/Module/lift_motor/bg95.o
                0x0000000008001a2a                __gnu_cxx::__normal_iterator<CAN_RData_HandleTypeDef const*, std::vector<CAN_RData_HandleTypeDef, std::allocator<CAN_RData_HandleTypeDef> > >::__normal_iterator<CAN_RData_HandleTypeDef*>(__gnu_cxx::__normal_iterator<CAN_RData_HandleTypeDef*, __gnu_cxx::__enable_if<std::__are_same<CAN_RData_HandleTypeDef*, CAN_RData_HandleTypeDef*>::__value, std::vector<CAN_RData_HandleTypeDef, std::allocator<CAN_RData_HandleTypeDef> > >::__type> const&)
                0x0000000008001a2a                __gnu_cxx::__normal_iterator<CAN_RData_HandleTypeDef const*, std::vector<CAN_RData_HandleTypeDef, std::allocator<CAN_RData_HandleTypeDef> > >::__normal_iterator<CAN_RData_HandleTypeDef*>(__gnu_cxx::__normal_iterator<CAN_RData_HandleTypeDef*, __gnu_cxx::__enable_if<std::__are_same<CAN_RData_HandleTypeDef*, CAN_RData_HandleTypeDef*>::__value, std::vector<CAN_RData_HandleTypeDef, std::allocator<CAN_RData_HandleTypeDef> > >::__type> const&)
 .text._ZNSt6vectorI23CAN_RData_HandleTypeDefSaIS0_EE5eraseEN9__gnu_cxx17__normal_iteratorIPKS0_S2_EE
                0x0000000008001a4c       0x4e ./Core/Module/lift_motor/bg95.o
                0x0000000008001a4c                std::vector<CAN_RData_HandleTypeDef, std::allocator<CAN_RData_HandleTypeDef> >::erase(__gnu_cxx::__normal_iterator<CAN_RData_HandleTypeDef const*, std::vector<CAN_RData_HandleTypeDef, std::allocator<CAN_RData_HandleTypeDef> > >)
 .text._ZNKSt6vectorI23CAN_RData_HandleTypeDefSaIS0_EE4sizeEv
                0x0000000008001a9a       0x20 ./Core/Module/lift_motor/bg95.o
                0x0000000008001a9a                std::vector<CAN_RData_HandleTypeDef, std::allocator<CAN_RData_HandleTypeDef> >::size() const
 .text._ZNSt6vectorI23CAN_RData_HandleTypeDefSaIS0_EE5frontEv
                0x0000000008001aba       0x26 ./Core/Module/lift_motor/bg95.o
                0x0000000008001aba                std::vector<CAN_RData_HandleTypeDef, std::allocator<CAN_RData_HandleTypeDef> >::front()
 .text._ZNKSt6vectorI23CAN_WData_HandleTypeDefSaIS0_EE5emptyEv
                0x0000000008001ae0       0x36 ./Core/Module/lift_motor/bg95.o
                0x0000000008001ae0                std::vector<CAN_WData_HandleTypeDef, std::allocator<CAN_WData_HandleTypeDef> >::empty() const
 .text._ZNSaI23CAN_WData_HandleTypeDefEC2Ev
                0x0000000008001b16       0x18 ./Core/Module/lift_motor/bg95.o
                0x0000000008001b16                std::allocator<CAN_WData_HandleTypeDef>::allocator()
                0x0000000008001b16                std::allocator<CAN_WData_HandleTypeDef>::allocator()
 .text._ZNSt12_Vector_baseI23CAN_WData_HandleTypeDefSaIS0_EE17_Vector_impl_dataC2Ev
                0x0000000008001b2e       0x28 ./Core/Module/lift_motor/bg95.o
                0x0000000008001b2e                std::_Vector_base<CAN_WData_HandleTypeDef, std::allocator<CAN_WData_HandleTypeDef> >::_Vector_impl_data::_Vector_impl_data()
                0x0000000008001b2e                std::_Vector_base<CAN_WData_HandleTypeDef, std::allocator<CAN_WData_HandleTypeDef> >::_Vector_impl_data::_Vector_impl_data()
 .text._ZN9__gnu_cxx13new_allocatorI23CAN_WData_HandleTypeDefED2Ev
                0x0000000008001b56       0x16 ./Core/Module/lift_motor/bg95.o
                0x0000000008001b56                __gnu_cxx::new_allocator<CAN_WData_HandleTypeDef>::~new_allocator()
                0x0000000008001b56                __gnu_cxx::new_allocator<CAN_WData_HandleTypeDef>::~new_allocator()
 .text._ZNSt12_Vector_baseI23CAN_WData_HandleTypeDefSaIS0_EE13_M_deallocateEPS0_j
                0x0000000008001b6c       0x26 ./Core/Module/lift_motor/bg95.o
                0x0000000008001b6c                std::_Vector_base<CAN_WData_HandleTypeDef, std::allocator<CAN_WData_HandleTypeDef> >::_M_deallocate(CAN_WData_HandleTypeDef*, unsigned int)
 .text._ZNSt12_Vector_baseI23CAN_WData_HandleTypeDefSaIS0_EE19_M_get_Tp_allocatorEv
                0x0000000008001b92       0x16 ./Core/Module/lift_motor/bg95.o
                0x0000000008001b92                std::_Vector_base<CAN_WData_HandleTypeDef, std::allocator<CAN_WData_HandleTypeDef> >::_M_get_Tp_allocator()
 .text._ZSt8_DestroyIP23CAN_WData_HandleTypeDefS0_EvT_S2_RSaIT0_E
                0x0000000008001ba8       0x1c ./Core/Module/lift_motor/bg95.o
                0x0000000008001ba8                void std::_Destroy<CAN_WData_HandleTypeDef*, CAN_WData_HandleTypeDef>(CAN_WData_HandleTypeDef*, CAN_WData_HandleTypeDef*, std::allocator<CAN_WData_HandleTypeDef>&)
 .text._ZNSaI23CAN_RData_HandleTypeDefEC2Ev
                0x0000000008001bc4       0x18 ./Core/Module/lift_motor/bg95.o
                0x0000000008001bc4                std::allocator<CAN_RData_HandleTypeDef>::allocator()
                0x0000000008001bc4                std::allocator<CAN_RData_HandleTypeDef>::allocator()
 .text._ZNSt12_Vector_baseI23CAN_RData_HandleTypeDefSaIS0_EE17_Vector_impl_dataC2Ev
                0x0000000008001bdc       0x28 ./Core/Module/lift_motor/bg95.o
                0x0000000008001bdc                std::_Vector_base<CAN_RData_HandleTypeDef, std::allocator<CAN_RData_HandleTypeDef> >::_Vector_impl_data::_Vector_impl_data()
                0x0000000008001bdc                std::_Vector_base<CAN_RData_HandleTypeDef, std::allocator<CAN_RData_HandleTypeDef> >::_Vector_impl_data::_Vector_impl_data()
 .text._ZN9__gnu_cxx13new_allocatorI23CAN_RData_HandleTypeDefED2Ev
                0x0000000008001c04       0x16 ./Core/Module/lift_motor/bg95.o
                0x0000000008001c04                __gnu_cxx::new_allocator<CAN_RData_HandleTypeDef>::~new_allocator()
                0x0000000008001c04                __gnu_cxx::new_allocator<CAN_RData_HandleTypeDef>::~new_allocator()
 .text._ZNSt12_Vector_baseI23CAN_RData_HandleTypeDefSaIS0_EE13_M_deallocateEPS0_j
                0x0000000008001c1a       0x26 ./Core/Module/lift_motor/bg95.o
                0x0000000008001c1a                std::_Vector_base<CAN_RData_HandleTypeDef, std::allocator<CAN_RData_HandleTypeDef> >::_M_deallocate(CAN_RData_HandleTypeDef*, unsigned int)
 .text._ZNSt12_Vector_baseI23CAN_RData_HandleTypeDefSaIS0_EE19_M_get_Tp_allocatorEv
                0x0000000008001c40       0x16 ./Core/Module/lift_motor/bg95.o
                0x0000000008001c40                std::_Vector_base<CAN_RData_HandleTypeDef, std::allocator<CAN_RData_HandleTypeDef> >::_M_get_Tp_allocator()
 .text._ZSt8_DestroyIP23CAN_RData_HandleTypeDefS0_EvT_S2_RSaIT0_E
                0x0000000008001c56       0x1c ./Core/Module/lift_motor/bg95.o
                0x0000000008001c56                void std::_Destroy<CAN_RData_HandleTypeDef*, CAN_RData_HandleTypeDef>(CAN_RData_HandleTypeDef*, CAN_RData_HandleTypeDef*, std::allocator<CAN_RData_HandleTypeDef>&)
 .text._ZNSt6vectorI23CAN_WData_HandleTypeDefSaIS0_EE15_M_erase_at_endEPS0_
                0x0000000008001c72       0x42 ./Core/Module/lift_motor/bg95.o
                0x0000000008001c72                std::vector<CAN_WData_HandleTypeDef, std::allocator<CAN_WData_HandleTypeDef> >::_M_erase_at_end(CAN_WData_HandleTypeDef*)
 .text._ZNSt6vectorI23CAN_RData_HandleTypeDefSaIS0_EE15_M_erase_at_endEPS0_
                0x0000000008001cb4       0x42 ./Core/Module/lift_motor/bg95.o
                0x0000000008001cb4                std::vector<CAN_RData_HandleTypeDef, std::allocator<CAN_RData_HandleTypeDef> >::_M_erase_at_end(CAN_RData_HandleTypeDef*)
 .text._ZSt12__miter_baseIPhET_S1_
                0x0000000008001cf6       0x16 ./Core/Module/lift_motor/bg95.o
                0x0000000008001cf6                unsigned char* std::__miter_base<unsigned char*>(unsigned char*)
 .text._ZSt13__copy_move_aILb0EPhS0_ET1_T0_S2_S1_
                0x0000000008001d0c       0x46 ./Core/Module/lift_motor/bg95.o
                0x0000000008001d0c                unsigned char* std::__copy_move_a<false, unsigned char*, unsigned char*>(unsigned char*, unsigned char*, unsigned char*)
 .text._ZNK9__gnu_cxx17__normal_iteratorIP23CAN_WData_HandleTypeDefSt6vectorIS1_SaIS1_EEEdeEv
                0x0000000008001d52       0x18 ./Core/Module/lift_motor/bg95.o
                0x0000000008001d52                __gnu_cxx::__normal_iterator<CAN_WData_HandleTypeDef*, std::vector<CAN_WData_HandleTypeDef, std::allocator<CAN_WData_HandleTypeDef> > >::operator*() const
 .text._ZNSt16allocator_traitsISaI23CAN_WData_HandleTypeDefEE9constructIS0_JRKS0_EEEvRS1_PT_DpOT0_
                0x0000000008001d6a       0x26 ./Core/Module/lift_motor/bg95.o
                0x0000000008001d6a                void std::allocator_traits<std::allocator<CAN_WData_HandleTypeDef> >::construct<CAN_WData_HandleTypeDef, CAN_WData_HandleTypeDef const&>(std::allocator<CAN_WData_HandleTypeDef>&, CAN_WData_HandleTypeDef*, CAN_WData_HandleTypeDef const&)
 .text._ZNSt6vectorI23CAN_WData_HandleTypeDefSaIS0_EE3endEv
                0x0000000008001d90       0x22 ./Core/Module/lift_motor/bg95.o
                0x0000000008001d90                std::vector<CAN_WData_HandleTypeDef, std::allocator<CAN_WData_HandleTypeDef> >::end()
 .text._ZNSt6vectorI23CAN_WData_HandleTypeDefSaIS0_EE15_S_use_relocateEv
                0x0000000008001db2       0x16 ./Core/Module/lift_motor/bg95.o
                0x0000000008001db2                std::vector<CAN_WData_HandleTypeDef, std::allocator<CAN_WData_HandleTypeDef> >::_S_use_relocate()
 .text._ZNSt6vectorI23CAN_WData_HandleTypeDefSaIS0_EE19_S_nothrow_relocateESt17integral_constantIbLb1EE
                0x0000000008001dc8       0x16 ./Core/Module/lift_motor/bg95.o
                0x0000000008001dc8                std::vector<CAN_WData_HandleTypeDef, std::allocator<CAN_WData_HandleTypeDef> >::_S_nothrow_relocate(std::integral_constant<bool, true>)
 *fill*         0x0000000008001dde        0x2 
 .text._ZNSt6vectorI23CAN_WData_HandleTypeDefSaIS0_EE17_M_realloc_insertIJRKS0_EEEvN9__gnu_cxx17__normal_iteratorIPS0_S2_EEDpOT_
                0x0000000008001de0      0x178 ./Core/Module/lift_motor/bg95.o
                0x0000000008001de0                void std::vector<CAN_WData_HandleTypeDef, std::allocator<CAN_WData_HandleTypeDef> >::_M_realloc_insert<CAN_WData_HandleTypeDef const&>(__gnu_cxx::__normal_iterator<CAN_WData_HandleTypeDef*, std::vector<CAN_WData_HandleTypeDef, std::allocator<CAN_WData_HandleTypeDef> > >, CAN_WData_HandleTypeDef const&)
 .text._ZN9__gnu_cxx17__normal_iteratorIP23CAN_WData_HandleTypeDefSt6vectorIS1_SaIS1_EEEC2ERKS2_
                0x0000000008001f58       0x20 ./Core/Module/lift_motor/bg95.o
                0x0000000008001f58                __gnu_cxx::__normal_iterator<CAN_WData_HandleTypeDef*, std::vector<CAN_WData_HandleTypeDef, std::allocator<CAN_WData_HandleTypeDef> > >::__normal_iterator(CAN_WData_HandleTypeDef* const&)
                0x0000000008001f58                __gnu_cxx::__normal_iterator<CAN_WData_HandleTypeDef*, std::vector<CAN_WData_HandleTypeDef, std::allocator<CAN_WData_HandleTypeDef> > >::__normal_iterator(CAN_WData_HandleTypeDef* const&)
 .text._ZNK9__gnu_cxx17__normal_iteratorIP23CAN_WData_HandleTypeDefSt6vectorIS1_SaIS1_EEE4baseEv
                0x0000000008001f78       0x16 ./Core/Module/lift_motor/bg95.o
                0x0000000008001f78                __gnu_cxx::__normal_iterator<CAN_WData_HandleTypeDef*, std::vector<CAN_WData_HandleTypeDef, std::allocator<CAN_WData_HandleTypeDef> > >::base() const
 .text._ZNKSt6vectorI23CAN_WData_HandleTypeDefSaIS0_EE6cbeginEv
                0x0000000008001f8e       0x20 ./Core/Module/lift_motor/bg95.o
                0x0000000008001f8e                std::vector<CAN_WData_HandleTypeDef, std::allocator<CAN_WData_HandleTypeDef> >::cbegin() const
 .text._ZN9__gnu_cxxmiIPK23CAN_WData_HandleTypeDefSt6vectorIS1_SaIS1_EEEENS_17__normal_iteratorIT_T0_E15difference_typeERKSA_SD_
                0x0000000008001fae       0x2a ./Core/Module/lift_motor/bg95.o
                0x0000000008001fae                __gnu_cxx::__normal_iterator<CAN_WData_HandleTypeDef const*, std::vector<CAN_WData_HandleTypeDef, std::allocator<CAN_WData_HandleTypeDef> > >::difference_type __gnu_cxx::operator-<CAN_WData_HandleTypeDef const*, std::vector<CAN_WData_HandleTypeDef, std::allocator<CAN_WData_HandleTypeDef> > >(__gnu_cxx::__normal_iterator<CAN_WData_HandleTypeDef const*, std::vector<CAN_WData_HandleTypeDef, std::allocator<CAN_WData_HandleTypeDef> > > const&, __gnu_cxx::__normal_iterator<CAN_WData_HandleTypeDef const*, std::vector<CAN_WData_HandleTypeDef, std::allocator<CAN_WData_HandleTypeDef> > > const&)
 .text._ZNK9__gnu_cxx17__normal_iteratorIP23CAN_WData_HandleTypeDefSt6vectorIS1_SaIS1_EEEplEi
                0x0000000008001fd8       0x30 ./Core/Module/lift_motor/bg95.o
                0x0000000008001fd8                __gnu_cxx::__normal_iterator<CAN_WData_HandleTypeDef*, std::vector<CAN_WData_HandleTypeDef, std::allocator<CAN_WData_HandleTypeDef> > >::operator+(int) const
 .text._ZNSt6vectorI23CAN_WData_HandleTypeDefSaIS0_EE8_M_eraseEN9__gnu_cxx17__normal_iteratorIPS0_S2_EE
                0x0000000008002008       0x7a ./Core/Module/lift_motor/bg95.o
                0x0000000008002008                std::vector<CAN_WData_HandleTypeDef, std::allocator<CAN_WData_HandleTypeDef> >::_M_erase(__gnu_cxx::__normal_iterator<CAN_WData_HandleTypeDef*, std::vector<CAN_WData_HandleTypeDef, std::allocator<CAN_WData_HandleTypeDef> > >)
 .text._ZNSt16allocator_traitsISaI23CAN_RData_HandleTypeDefEE9constructIS0_JRKS0_EEEvRS1_PT_DpOT0_
                0x0000000008002082       0x26 ./Core/Module/lift_motor/bg95.o
                0x0000000008002082                void std::allocator_traits<std::allocator<CAN_RData_HandleTypeDef> >::construct<CAN_RData_HandleTypeDef, CAN_RData_HandleTypeDef const&>(std::allocator<CAN_RData_HandleTypeDef>&, CAN_RData_HandleTypeDef*, CAN_RData_HandleTypeDef const&)
 .text._ZNSt6vectorI23CAN_RData_HandleTypeDefSaIS0_EE3endEv
                0x00000000080020a8       0x22 ./Core/Module/lift_motor/bg95.o
                0x00000000080020a8                std::vector<CAN_RData_HandleTypeDef, std::allocator<CAN_RData_HandleTypeDef> >::end()
 .text._ZNSt6vectorI23CAN_RData_HandleTypeDefSaIS0_EE15_S_use_relocateEv
                0x00000000080020ca       0x16 ./Core/Module/lift_motor/bg95.o
                0x00000000080020ca                std::vector<CAN_RData_HandleTypeDef, std::allocator<CAN_RData_HandleTypeDef> >::_S_use_relocate()
 .text._ZNSt6vectorI23CAN_RData_HandleTypeDefSaIS0_EE19_S_nothrow_relocateESt17integral_constantIbLb1EE
                0x00000000080020e0       0x16 ./Core/Module/lift_motor/bg95.o
                0x00000000080020e0                std::vector<CAN_RData_HandleTypeDef, std::allocator<CAN_RData_HandleTypeDef> >::_S_nothrow_relocate(std::integral_constant<bool, true>)
 *fill*         0x00000000080020f6        0x2 
 .text._ZNSt6vectorI23CAN_RData_HandleTypeDefSaIS0_EE17_M_realloc_insertIJRKS0_EEEvN9__gnu_cxx17__normal_iteratorIPS0_S2_EEDpOT_
                0x00000000080020f8      0x178 ./Core/Module/lift_motor/bg95.o
                0x00000000080020f8                void std::vector<CAN_RData_HandleTypeDef, std::allocator<CAN_RData_HandleTypeDef> >::_M_realloc_insert<CAN_RData_HandleTypeDef const&>(__gnu_cxx::__normal_iterator<CAN_RData_HandleTypeDef*, std::vector<CAN_RData_HandleTypeDef, std::allocator<CAN_RData_HandleTypeDef> > >, CAN_RData_HandleTypeDef const&)
 .text._ZNKSt6vectorI23CAN_RData_HandleTypeDefSaIS0_EE5beginEv
                0x0000000008002270       0x20 ./Core/Module/lift_motor/bg95.o
                0x0000000008002270                std::vector<CAN_RData_HandleTypeDef, std::allocator<CAN_RData_HandleTypeDef> >::begin() const
 .text._ZNKSt6vectorI23CAN_RData_HandleTypeDefSaIS0_EE3endEv
                0x0000000008002290       0x22 ./Core/Module/lift_motor/bg95.o
                0x0000000008002290                std::vector<CAN_RData_HandleTypeDef, std::allocator<CAN_RData_HandleTypeDef> >::end() const
 .text._ZN9__gnu_cxxeqIPK23CAN_RData_HandleTypeDefSt6vectorIS1_SaIS1_EEEEbRKNS_17__normal_iteratorIT_T0_EESC_
                0x00000000080022b2       0x30 ./Core/Module/lift_motor/bg95.o
                0x00000000080022b2                bool __gnu_cxx::operator==<CAN_RData_HandleTypeDef const*, std::vector<CAN_RData_HandleTypeDef, std::allocator<CAN_RData_HandleTypeDef> > >(__gnu_cxx::__normal_iterator<CAN_RData_HandleTypeDef const*, std::vector<CAN_RData_HandleTypeDef, std::allocator<CAN_RData_HandleTypeDef> > > const&, __gnu_cxx::__normal_iterator<CAN_RData_HandleTypeDef const*, std::vector<CAN_RData_HandleTypeDef, std::allocator<CAN_RData_HandleTypeDef> > > const&)
 .text._ZN9__gnu_cxx17__normal_iteratorIP23CAN_RData_HandleTypeDefSt6vectorIS1_SaIS1_EEEC2ERKS2_
                0x00000000080022e2       0x20 ./Core/Module/lift_motor/bg95.o
                0x00000000080022e2                __gnu_cxx::__normal_iterator<CAN_RData_HandleTypeDef*, std::vector<CAN_RData_HandleTypeDef, std::allocator<CAN_RData_HandleTypeDef> > >::__normal_iterator(CAN_RData_HandleTypeDef* const&)
                0x00000000080022e2                __gnu_cxx::__normal_iterator<CAN_RData_HandleTypeDef*, std::vector<CAN_RData_HandleTypeDef, std::allocator<CAN_RData_HandleTypeDef> > >::__normal_iterator(CAN_RData_HandleTypeDef* const&)
 .text._ZNK9__gnu_cxx17__normal_iteratorIP23CAN_RData_HandleTypeDefSt6vectorIS1_SaIS1_EEE4baseEv
                0x0000000008002302       0x16 ./Core/Module/lift_motor/bg95.o
                0x0000000008002302                __gnu_cxx::__normal_iterator<CAN_RData_HandleTypeDef*, std::vector<CAN_RData_HandleTypeDef, std::allocator<CAN_RData_HandleTypeDef> > >::base() const
 .text._ZNKSt6vectorI23CAN_RData_HandleTypeDefSaIS0_EE6cbeginEv
                0x0000000008002318       0x20 ./Core/Module/lift_motor/bg95.o
                0x0000000008002318                std::vector<CAN_RData_HandleTypeDef, std::allocator<CAN_RData_HandleTypeDef> >::cbegin() const
 .text._ZN9__gnu_cxxmiIPK23CAN_RData_HandleTypeDefSt6vectorIS1_SaIS1_EEEENS_17__normal_iteratorIT_T0_E15difference_typeERKSA_SD_
                0x0000000008002338       0x2a ./Core/Module/lift_motor/bg95.o
                0x0000000008002338                __gnu_cxx::__normal_iterator<CAN_RData_HandleTypeDef const*, std::vector<CAN_RData_HandleTypeDef, std::allocator<CAN_RData_HandleTypeDef> > >::difference_type __gnu_cxx::operator-<CAN_RData_HandleTypeDef const*, std::vector<CAN_RData_HandleTypeDef, std::allocator<CAN_RData_HandleTypeDef> > >(__gnu_cxx::__normal_iterator<CAN_RData_HandleTypeDef const*, std::vector<CAN_RData_HandleTypeDef, std::allocator<CAN_RData_HandleTypeDef> > > const&, __gnu_cxx::__normal_iterator<CAN_RData_HandleTypeDef const*, std::vector<CAN_RData_HandleTypeDef, std::allocator<CAN_RData_HandleTypeDef> > > const&)
 .text._ZNK9__gnu_cxx17__normal_iteratorIP23CAN_RData_HandleTypeDefSt6vectorIS1_SaIS1_EEEplEi
                0x0000000008002362       0x30 ./Core/Module/lift_motor/bg95.o
                0x0000000008002362                __gnu_cxx::__normal_iterator<CAN_RData_HandleTypeDef*, std::vector<CAN_RData_HandleTypeDef, std::allocator<CAN_RData_HandleTypeDef> > >::operator+(int) const
 .text._ZNSt6vectorI23CAN_RData_HandleTypeDefSaIS0_EE8_M_eraseEN9__gnu_cxx17__normal_iteratorIPS0_S2_EE
                0x0000000008002392       0x7a ./Core/Module/lift_motor/bg95.o
                0x0000000008002392                std::vector<CAN_RData_HandleTypeDef, std::allocator<CAN_RData_HandleTypeDef> >::_M_erase(__gnu_cxx::__normal_iterator<CAN_RData_HandleTypeDef*, std::vector<CAN_RData_HandleTypeDef, std::allocator<CAN_RData_HandleTypeDef> > >)
 .text._ZNK9__gnu_cxx17__normal_iteratorIP23CAN_RData_HandleTypeDefSt6vectorIS1_SaIS1_EEEdeEv
                0x000000000800240c       0x18 ./Core/Module/lift_motor/bg95.o
                0x000000000800240c                __gnu_cxx::__normal_iterator<CAN_RData_HandleTypeDef*, std::vector<CAN_RData_HandleTypeDef, std::allocator<CAN_RData_HandleTypeDef> > >::operator*() const
 .text._ZNKSt6vectorI23CAN_WData_HandleTypeDefSaIS0_EE5beginEv
                0x0000000008002424       0x20 ./Core/Module/lift_motor/bg95.o
                0x0000000008002424                std::vector<CAN_WData_HandleTypeDef, std::allocator<CAN_WData_HandleTypeDef> >::begin() const
 .text._ZNKSt6vectorI23CAN_WData_HandleTypeDefSaIS0_EE3endEv
                0x0000000008002444       0x22 ./Core/Module/lift_motor/bg95.o
                0x0000000008002444                std::vector<CAN_WData_HandleTypeDef, std::allocator<CAN_WData_HandleTypeDef> >::end() const
 .text._ZN9__gnu_cxxeqIPK23CAN_WData_HandleTypeDefSt6vectorIS1_SaIS1_EEEEbRKNS_17__normal_iteratorIT_T0_EESC_
                0x0000000008002466       0x30 ./Core/Module/lift_motor/bg95.o
                0x0000000008002466                bool __gnu_cxx::operator==<CAN_WData_HandleTypeDef const*, std::vector<CAN_WData_HandleTypeDef, std::allocator<CAN_WData_HandleTypeDef> > >(__gnu_cxx::__normal_iterator<CAN_WData_HandleTypeDef const*, std::vector<CAN_WData_HandleTypeDef, std::allocator<CAN_WData_HandleTypeDef> > > const&, __gnu_cxx::__normal_iterator<CAN_WData_HandleTypeDef const*, std::vector<CAN_WData_HandleTypeDef, std::allocator<CAN_WData_HandleTypeDef> > > const&)
 .text._ZN9__gnu_cxx13new_allocatorI23CAN_WData_HandleTypeDefEC2Ev
                0x0000000008002496       0x16 ./Core/Module/lift_motor/bg95.o
                0x0000000008002496                __gnu_cxx::new_allocator<CAN_WData_HandleTypeDef>::new_allocator()
                0x0000000008002496                __gnu_cxx::new_allocator<CAN_WData_HandleTypeDef>::new_allocator()
 .text._ZNSt16allocator_traitsISaI23CAN_WData_HandleTypeDefEE10deallocateERS1_PS0_j
                0x00000000080024ac       0x1e ./Core/Module/lift_motor/bg95.o
                0x00000000080024ac                std::allocator_traits<std::allocator<CAN_WData_HandleTypeDef> >::deallocate(std::allocator<CAN_WData_HandleTypeDef>&, CAN_WData_HandleTypeDef*, unsigned int)
 .text._ZSt8_DestroyIP23CAN_WData_HandleTypeDefEvT_S2_
                0x00000000080024ca       0x1a ./Core/Module/lift_motor/bg95.o
                0x00000000080024ca                void std::_Destroy<CAN_WData_HandleTypeDef*>(CAN_WData_HandleTypeDef*, CAN_WData_HandleTypeDef*)
 .text._ZN9__gnu_cxx13new_allocatorI23CAN_RData_HandleTypeDefEC2Ev
                0x00000000080024e4       0x16 ./Core/Module/lift_motor/bg95.o
                0x00000000080024e4                __gnu_cxx::new_allocator<CAN_RData_HandleTypeDef>::new_allocator()
                0x00000000080024e4                __gnu_cxx::new_allocator<CAN_RData_HandleTypeDef>::new_allocator()
 .text._ZNSt16allocator_traitsISaI23CAN_RData_HandleTypeDefEE10deallocateERS1_PS0_j
                0x00000000080024fa       0x1e ./Core/Module/lift_motor/bg95.o
                0x00000000080024fa                std::allocator_traits<std::allocator<CAN_RData_HandleTypeDef> >::deallocate(std::allocator<CAN_RData_HandleTypeDef>&, CAN_RData_HandleTypeDef*, unsigned int)
 .text._ZSt8_DestroyIP23CAN_RData_HandleTypeDefEvT_S2_
                0x0000000008002518       0x1a ./Core/Module/lift_motor/bg95.o
                0x0000000008002518                void std::_Destroy<CAN_RData_HandleTypeDef*>(CAN_RData_HandleTypeDef*, CAN_RData_HandleTypeDef*)
 .text._ZSt12__niter_baseIPhET_S1_
                0x0000000008002532       0x16 ./Core/Module/lift_motor/bg95.o
                0x0000000008002532                unsigned char* std::__niter_base<unsigned char*>(unsigned char*)
 .text._ZSt14__copy_move_a1ILb0EPhS0_ET1_T0_S2_S1_
                0x0000000008002548       0x20 ./Core/Module/lift_motor/bg95.o
                0x0000000008002548                unsigned char* std::__copy_move_a1<false, unsigned char*, unsigned char*>(unsigned char*, unsigned char*, unsigned char*)
 .text._ZSt12__niter_wrapIPhET_RKS1_S1_
                0x0000000008002568       0x18 ./Core/Module/lift_motor/bg95.o
                0x0000000008002568                unsigned char* std::__niter_wrap<unsigned char*>(unsigned char* const&, unsigned char*)
 .text._ZSt7forwardIRK23CAN_WData_HandleTypeDefEOT_RNSt16remove_referenceIS3_E4typeE
                0x0000000008002580       0x16 ./Core/Module/lift_motor/bg95.o
                0x0000000008002580                CAN_WData_HandleTypeDef const& std::forward<CAN_WData_HandleTypeDef const&>(std::remove_reference<CAN_WData_HandleTypeDef const&>::type&)
 .text._ZN9__gnu_cxx13new_allocatorI23CAN_WData_HandleTypeDefE9constructIS1_JRKS1_EEEvPT_DpOT0_
                0x0000000008002596       0x32 ./Core/Module/lift_motor/bg95.o
                0x0000000008002596                void __gnu_cxx::new_allocator<CAN_WData_HandleTypeDef>::construct<CAN_WData_HandleTypeDef, CAN_WData_HandleTypeDef const&>(CAN_WData_HandleTypeDef*, CAN_WData_HandleTypeDef const&)
 .text._ZNKSt6vectorI23CAN_WData_HandleTypeDefSaIS0_EE12_M_check_lenEjPKc
                0x00000000080025c8       0x8e ./Core/Module/lift_motor/bg95.o
                0x00000000080025c8                std::vector<CAN_WData_HandleTypeDef, std::allocator<CAN_WData_HandleTypeDef> >::_M_check_len(unsigned int, char const*) const
 .text._ZN9__gnu_cxxmiIP23CAN_WData_HandleTypeDefSt6vectorIS1_SaIS1_EEEENS_17__normal_iteratorIT_T0_E15difference_typeERKS9_SC_
                0x0000000008002656       0x2a ./Core/Module/lift_motor/bg95.o
                0x0000000008002656                __gnu_cxx::__normal_iterator<CAN_WData_HandleTypeDef*, std::vector<CAN_WData_HandleTypeDef, std::allocator<CAN_WData_HandleTypeDef> > >::difference_type __gnu_cxx::operator-<CAN_WData_HandleTypeDef*, std::vector<CAN_WData_HandleTypeDef, std::allocator<CAN_WData_HandleTypeDef> > >(__gnu_cxx::__normal_iterator<CAN_WData_HandleTypeDef*, std::vector<CAN_WData_HandleTypeDef, std::allocator<CAN_WData_HandleTypeDef> > > const&, __gnu_cxx::__normal_iterator<CAN_WData_HandleTypeDef*, std::vector<CAN_WData_HandleTypeDef, std::allocator<CAN_WData_HandleTypeDef> > > const&)
 .text._ZNSt12_Vector_baseI23CAN_WData_HandleTypeDefSaIS0_EE11_M_allocateEj
                0x0000000008002680       0x28 ./Core/Module/lift_motor/bg95.o
                0x0000000008002680                std::_Vector_base<CAN_WData_HandleTypeDef, std::allocator<CAN_WData_HandleTypeDef> >::_M_allocate(unsigned int)
 .text._ZNSt6vectorI23CAN_WData_HandleTypeDefSaIS0_EE11_S_relocateEPS0_S3_S3_RS1_
                0x00000000080026a8       0x28 ./Core/Module/lift_motor/bg95.o
                0x00000000080026a8                std::vector<CAN_WData_HandleTypeDef, std::allocator<CAN_WData_HandleTypeDef> >::_S_relocate(CAN_WData_HandleTypeDef*, CAN_WData_HandleTypeDef*, CAN_WData_HandleTypeDef*, std::allocator<CAN_WData_HandleTypeDef>&)
 .text._ZSt34__uninitialized_move_if_noexcept_aIP23CAN_WData_HandleTypeDefS1_SaIS0_EET0_T_S4_S3_RT1_
                0x00000000080026d0       0x32 ./Core/Module/lift_motor/bg95.o
                0x00000000080026d0                CAN_WData_HandleTypeDef* std::__uninitialized_move_if_noexcept_a<CAN_WData_HandleTypeDef*, CAN_WData_HandleTypeDef*, std::allocator<CAN_WData_HandleTypeDef> >(CAN_WData_HandleTypeDef*, CAN_WData_HandleTypeDef*, CAN_WData_HandleTypeDef*, std::allocator<CAN_WData_HandleTypeDef>&)
 .text._ZNSt16allocator_traitsISaI23CAN_WData_HandleTypeDefEE7destroyIS0_EEvRS1_PT_
                0x0000000008002702       0x1a ./Core/Module/lift_motor/bg95.o
                0x0000000008002702                void std::allocator_traits<std::allocator<CAN_WData_HandleTypeDef> >::destroy<CAN_WData_HandleTypeDef>(std::allocator<CAN_WData_HandleTypeDef>&, CAN_WData_HandleTypeDef*)
 .text._ZN9__gnu_cxx17__normal_iteratorIPK23CAN_WData_HandleTypeDefSt6vectorIS1_SaIS1_EEEC2ERKS3_
                0x000000000800271c       0x20 ./Core/Module/lift_motor/bg95.o
                0x000000000800271c                __gnu_cxx::__normal_iterator<CAN_WData_HandleTypeDef const*, std::vector<CAN_WData_HandleTypeDef, std::allocator<CAN_WData_HandleTypeDef> > >::__normal_iterator(CAN_WData_HandleTypeDef const* const&)
                0x000000000800271c                __gnu_cxx::__normal_iterator<CAN_WData_HandleTypeDef const*, std::vector<CAN_WData_HandleTypeDef, std::allocator<CAN_WData_HandleTypeDef> > >::__normal_iterator(CAN_WData_HandleTypeDef const* const&)
 .text._ZNK9__gnu_cxx17__normal_iteratorIPK23CAN_WData_HandleTypeDefSt6vectorIS1_SaIS1_EEE4baseEv
                0x000000000800273c       0x16 ./Core/Module/lift_motor/bg95.o
                0x000000000800273c                __gnu_cxx::__normal_iterator<CAN_WData_HandleTypeDef const*, std::vector<CAN_WData_HandleTypeDef, std::allocator<CAN_WData_HandleTypeDef> > >::base() const
 .text._ZN9__gnu_cxxneIP23CAN_WData_HandleTypeDefSt6vectorIS1_SaIS1_EEEEbRKNS_17__normal_iteratorIT_T0_EESB_
                0x0000000008002752       0x30 ./Core/Module/lift_motor/bg95.o
                0x0000000008002752                bool __gnu_cxx::operator!=<CAN_WData_HandleTypeDef*, std::vector<CAN_WData_HandleTypeDef, std::allocator<CAN_WData_HandleTypeDef> > >(__gnu_cxx::__normal_iterator<CAN_WData_HandleTypeDef*, std::vector<CAN_WData_HandleTypeDef, std::allocator<CAN_WData_HandleTypeDef> > > const&, __gnu_cxx::__normal_iterator<CAN_WData_HandleTypeDef*, std::vector<CAN_WData_HandleTypeDef, std::allocator<CAN_WData_HandleTypeDef> > > const&)
 .text._ZSt4moveIN9__gnu_cxx17__normal_iteratorIP23CAN_WData_HandleTypeDefSt6vectorIS2_SaIS2_EEEES7_ET0_T_S9_S8_
                0x0000000008002782       0x30 ./Core/Module/lift_motor/bg95.o
                0x0000000008002782                __gnu_cxx::__normal_iterator<CAN_WData_HandleTypeDef*, std::vector<CAN_WData_HandleTypeDef, std::allocator<CAN_WData_HandleTypeDef> > > std::move<__gnu_cxx::__normal_iterator<CAN_WData_HandleTypeDef*, std::vector<CAN_WData_HandleTypeDef, std::allocator<CAN_WData_HandleTypeDef> > >, __gnu_cxx::__normal_iterator<CAN_WData_HandleTypeDef*, std::vector<CAN_WData_HandleTypeDef, std::allocator<CAN_WData_HandleTypeDef> > > >(__gnu_cxx::__normal_iterator<CAN_WData_HandleTypeDef*, std::vector<CAN_WData_HandleTypeDef, std::allocator<CAN_WData_HandleTypeDef> > >, __gnu_cxx::__normal_iterator<CAN_WData_HandleTypeDef*, std::vector<CAN_WData_HandleTypeDef, std::allocator<CAN_WData_HandleTypeDef> > >, __gnu_cxx::__normal_iterator<CAN_WData_HandleTypeDef*, std::vector<CAN_WData_HandleTypeDef, std::allocator<CAN_WData_HandleTypeDef> > >)
 .text._ZSt7forwardIRK23CAN_RData_HandleTypeDefEOT_RNSt16remove_referenceIS3_E4typeE
                0x00000000080027b2       0x16 ./Core/Module/lift_motor/bg95.o
                0x00000000080027b2                CAN_RData_HandleTypeDef const& std::forward<CAN_RData_HandleTypeDef const&>(std::remove_reference<CAN_RData_HandleTypeDef const&>::type&)
 .text._ZN9__gnu_cxx13new_allocatorI23CAN_RData_HandleTypeDefE9constructIS1_JRKS1_EEEvPT_DpOT0_
                0x00000000080027c8       0x32 ./Core/Module/lift_motor/bg95.o
                0x00000000080027c8                void __gnu_cxx::new_allocator<CAN_RData_HandleTypeDef>::construct<CAN_RData_HandleTypeDef, CAN_RData_HandleTypeDef const&>(CAN_RData_HandleTypeDef*, CAN_RData_HandleTypeDef const&)
 .text._ZNKSt6vectorI23CAN_RData_HandleTypeDefSaIS0_EE12_M_check_lenEjPKc
                0x00000000080027fa       0x8e ./Core/Module/lift_motor/bg95.o
                0x00000000080027fa                std::vector<CAN_RData_HandleTypeDef, std::allocator<CAN_RData_HandleTypeDef> >::_M_check_len(unsigned int, char const*) const
 .text._ZN9__gnu_cxxmiIP23CAN_RData_HandleTypeDefSt6vectorIS1_SaIS1_EEEENS_17__normal_iteratorIT_T0_E15difference_typeERKS9_SC_
                0x0000000008002888       0x2a ./Core/Module/lift_motor/bg95.o
                0x0000000008002888                __gnu_cxx::__normal_iterator<CAN_RData_HandleTypeDef*, std::vector<CAN_RData_HandleTypeDef, std::allocator<CAN_RData_HandleTypeDef> > >::difference_type __gnu_cxx::operator-<CAN_RData_HandleTypeDef*, std::vector<CAN_RData_HandleTypeDef, std::allocator<CAN_RData_HandleTypeDef> > >(__gnu_cxx::__normal_iterator<CAN_RData_HandleTypeDef*, std::vector<CAN_RData_HandleTypeDef, std::allocator<CAN_RData_HandleTypeDef> > > const&, __gnu_cxx::__normal_iterator<CAN_RData_HandleTypeDef*, std::vector<CAN_RData_HandleTypeDef, std::allocator<CAN_RData_HandleTypeDef> > > const&)
 .text._ZNSt12_Vector_baseI23CAN_RData_HandleTypeDefSaIS0_EE11_M_allocateEj
                0x00000000080028b2       0x28 ./Core/Module/lift_motor/bg95.o
                0x00000000080028b2                std::_Vector_base<CAN_RData_HandleTypeDef, std::allocator<CAN_RData_HandleTypeDef> >::_M_allocate(unsigned int)
 .text._ZNSt6vectorI23CAN_RData_HandleTypeDefSaIS0_EE11_S_relocateEPS0_S3_S3_RS1_
                0x00000000080028da       0x28 ./Core/Module/lift_motor/bg95.o
                0x00000000080028da                std::vector<CAN_RData_HandleTypeDef, std::allocator<CAN_RData_HandleTypeDef> >::_S_relocate(CAN_RData_HandleTypeDef*, CAN_RData_HandleTypeDef*, CAN_RData_HandleTypeDef*, std::allocator<CAN_RData_HandleTypeDef>&)
 .text._ZSt34__uninitialized_move_if_noexcept_aIP23CAN_RData_HandleTypeDefS1_SaIS0_EET0_T_S4_S3_RT1_
                0x0000000008002902       0x32 ./Core/Module/lift_motor/bg95.o
                0x0000000008002902                CAN_RData_HandleTypeDef* std::__uninitialized_move_if_noexcept_a<CAN_RData_HandleTypeDef*, CAN_RData_HandleTypeDef*, std::allocator<CAN_RData_HandleTypeDef> >(CAN_RData_HandleTypeDef*, CAN_RData_HandleTypeDef*, CAN_RData_HandleTypeDef*, std::allocator<CAN_RData_HandleTypeDef>&)
 .text._ZNSt16allocator_traitsISaI23CAN_RData_HandleTypeDefEE7destroyIS0_EEvRS1_PT_
                0x0000000008002934       0x1a ./Core/Module/lift_motor/bg95.o
                0x0000000008002934                void std::allocator_traits<std::allocator<CAN_RData_HandleTypeDef> >::destroy<CAN_RData_HandleTypeDef>(std::allocator<CAN_RData_HandleTypeDef>&, CAN_RData_HandleTypeDef*)
 .text._ZN9__gnu_cxx17__normal_iteratorIPK23CAN_RData_HandleTypeDefSt6vectorIS1_SaIS1_EEEC2ERKS3_
                0x000000000800294e       0x20 ./Core/Module/lift_motor/bg95.o
                0x000000000800294e                __gnu_cxx::__normal_iterator<CAN_RData_HandleTypeDef const*, std::vector<CAN_RData_HandleTypeDef, std::allocator<CAN_RData_HandleTypeDef> > >::__normal_iterator(CAN_RData_HandleTypeDef const* const&)
                0x000000000800294e                __gnu_cxx::__normal_iterator<CAN_RData_HandleTypeDef const*, std::vector<CAN_RData_HandleTypeDef, std::allocator<CAN_RData_HandleTypeDef> > >::__normal_iterator(CAN_RData_HandleTypeDef const* const&)
 .text._ZNK9__gnu_cxx17__normal_iteratorIPK23CAN_RData_HandleTypeDefSt6vectorIS1_SaIS1_EEE4baseEv
                0x000000000800296e       0x16 ./Core/Module/lift_motor/bg95.o
                0x000000000800296e                __gnu_cxx::__normal_iterator<CAN_RData_HandleTypeDef const*, std::vector<CAN_RData_HandleTypeDef, std::allocator<CAN_RData_HandleTypeDef> > >::base() const
 .text._ZN9__gnu_cxxneIP23CAN_RData_HandleTypeDefSt6vectorIS1_SaIS1_EEEEbRKNS_17__normal_iteratorIT_T0_EESB_
                0x0000000008002984       0x30 ./Core/Module/lift_motor/bg95.o
                0x0000000008002984                bool __gnu_cxx::operator!=<CAN_RData_HandleTypeDef*, std::vector<CAN_RData_HandleTypeDef, std::allocator<CAN_RData_HandleTypeDef> > >(__gnu_cxx::__normal_iterator<CAN_RData_HandleTypeDef*, std::vector<CAN_RData_HandleTypeDef, std::allocator<CAN_RData_HandleTypeDef> > > const&, __gnu_cxx::__normal_iterator<CAN_RData_HandleTypeDef*, std::vector<CAN_RData_HandleTypeDef, std::allocator<CAN_RData_HandleTypeDef> > > const&)
 .text._ZSt4moveIN9__gnu_cxx17__normal_iteratorIP23CAN_RData_HandleTypeDefSt6vectorIS2_SaIS2_EEEES7_ET0_T_S9_S8_
                0x00000000080029b4       0x30 ./Core/Module/lift_motor/bg95.o
                0x00000000080029b4                __gnu_cxx::__normal_iterator<CAN_RData_HandleTypeDef*, std::vector<CAN_RData_HandleTypeDef, std::allocator<CAN_RData_HandleTypeDef> > > std::move<__gnu_cxx::__normal_iterator<CAN_RData_HandleTypeDef*, std::vector<CAN_RData_HandleTypeDef, std::allocator<CAN_RData_HandleTypeDef> > >, __gnu_cxx::__normal_iterator<CAN_RData_HandleTypeDef*, std::vector<CAN_RData_HandleTypeDef, std::allocator<CAN_RData_HandleTypeDef> > > >(__gnu_cxx::__normal_iterator<CAN_RData_HandleTypeDef*, std::vector<CAN_RData_HandleTypeDef, std::allocator<CAN_RData_HandleTypeDef> > >, __gnu_cxx::__normal_iterator<CAN_RData_HandleTypeDef*, std::vector<CAN_RData_HandleTypeDef, std::allocator<CAN_RData_HandleTypeDef> > >, __gnu_cxx::__normal_iterator<CAN_RData_HandleTypeDef*, std::vector<CAN_RData_HandleTypeDef, std::allocator<CAN_RData_HandleTypeDef> > >)
 .text._ZN9__gnu_cxx13new_allocatorI23CAN_WData_HandleTypeDefE10deallocateEPS1_j
                0x00000000080029e4       0x20 ./Core/Module/lift_motor/bg95.o
                0x00000000080029e4                __gnu_cxx::new_allocator<CAN_WData_HandleTypeDef>::deallocate(CAN_WData_HandleTypeDef*, unsigned int)
 .text._ZNSt12_Destroy_auxILb1EE9__destroyIP23CAN_WData_HandleTypeDefEEvT_S4_
                0x0000000008002a04       0x16 ./Core/Module/lift_motor/bg95.o
                0x0000000008002a04                void std::_Destroy_aux<true>::__destroy<CAN_WData_HandleTypeDef*>(CAN_WData_HandleTypeDef*, CAN_WData_HandleTypeDef*)
 .text._ZN9__gnu_cxx13new_allocatorI23CAN_RData_HandleTypeDefE10deallocateEPS1_j
                0x0000000008002a1a       0x20 ./Core/Module/lift_motor/bg95.o
                0x0000000008002a1a                __gnu_cxx::new_allocator<CAN_RData_HandleTypeDef>::deallocate(CAN_RData_HandleTypeDef*, unsigned int)
 .text._ZNSt12_Destroy_auxILb1EE9__destroyIP23CAN_RData_HandleTypeDefEEvT_S4_
                0x0000000008002a3a       0x16 ./Core/Module/lift_motor/bg95.o
                0x0000000008002a3a                void std::_Destroy_aux<true>::__destroy<CAN_RData_HandleTypeDef*>(CAN_RData_HandleTypeDef*, CAN_RData_HandleTypeDef*)
 .text._ZSt14__copy_move_a2ILb0EPhS0_ET1_T0_S2_S1_
                0x0000000008002a50       0x20 ./Core/Module/lift_motor/bg95.o
                0x0000000008002a50                unsigned char* std::__copy_move_a2<false, unsigned char*, unsigned char*>(unsigned char*, unsigned char*, unsigned char*)
 .text._ZNKSt6vectorI23CAN_WData_HandleTypeDefSaIS0_EE8max_sizeEv
                0x0000000008002a70       0x22 ./Core/Module/lift_motor/bg95.o
                0x0000000008002a70                std::vector<CAN_WData_HandleTypeDef, std::allocator<CAN_WData_HandleTypeDef> >::max_size() const
 .text._ZNKSt6vectorI23CAN_WData_HandleTypeDefSaIS0_EE4sizeEv
                0x0000000008002a92       0x20 ./Core/Module/lift_motor/bg95.o
                0x0000000008002a92                std::vector<CAN_WData_HandleTypeDef, std::allocator<CAN_WData_HandleTypeDef> >::size() const
 .text._ZSt3maxIjERKT_S2_S2_
                0x0000000008002ab2       0x28 ./Core/Module/lift_motor/bg95.o
                0x0000000008002ab2                unsigned int const& std::max<unsigned int>(unsigned int const&, unsigned int const&)
 .text._ZNSt16allocator_traitsISaI23CAN_WData_HandleTypeDefEE8allocateERS1_j
                0x0000000008002ada       0x1e ./Core/Module/lift_motor/bg95.o
                0x0000000008002ada                std::allocator_traits<std::allocator<CAN_WData_HandleTypeDef> >::allocate(std::allocator<CAN_WData_HandleTypeDef>&, unsigned int)
 .text._ZNSt6vectorI23CAN_WData_HandleTypeDefSaIS0_EE14_S_do_relocateEPS0_S3_S3_RS1_St17integral_constantIbLb1EE
                0x0000000008002af8       0x24 ./Core/Module/lift_motor/bg95.o
                0x0000000008002af8                std::vector<CAN_WData_HandleTypeDef, std::allocator<CAN_WData_HandleTypeDef> >::_S_do_relocate(CAN_WData_HandleTypeDef*, CAN_WData_HandleTypeDef*, CAN_WData_HandleTypeDef*, std::allocator<CAN_WData_HandleTypeDef>&, std::integral_constant<bool, true>)
 .text._ZSt32__make_move_if_noexcept_iteratorI23CAN_WData_HandleTypeDefSt13move_iteratorIPS0_EET0_PT_
                0x0000000008002b1c       0x1e ./Core/Module/lift_motor/bg95.o
                0x0000000008002b1c                std::move_iterator<CAN_WData_HandleTypeDef*> std::__make_move_if_noexcept_iterator<CAN_WData_HandleTypeDef, std::move_iterator<CAN_WData_HandleTypeDef*> >(CAN_WData_HandleTypeDef*)
 .text._ZSt22__uninitialized_copy_aISt13move_iteratorIP23CAN_WData_HandleTypeDefES2_S1_ET0_T_S5_S4_RSaIT1_E
                0x0000000008002b3a       0x22 ./Core/Module/lift_motor/bg95.o
                0x0000000008002b3a                CAN_WData_HandleTypeDef* std::__uninitialized_copy_a<std::move_iterator<CAN_WData_HandleTypeDef*>, CAN_WData_HandleTypeDef*, CAN_WData_HandleTypeDef>(std::move_iterator<CAN_WData_HandleTypeDef*>, std::move_iterator<CAN_WData_HandleTypeDef*>, CAN_WData_HandleTypeDef*, std::allocator<CAN_WData_HandleTypeDef>&)
 .text._ZN9__gnu_cxx13new_allocatorI23CAN_WData_HandleTypeDefE7destroyIS1_EEvPT_
                0x0000000008002b5c       0x16 ./Core/Module/lift_motor/bg95.o
                0x0000000008002b5c                void __gnu_cxx::new_allocator<CAN_WData_HandleTypeDef>::destroy<CAN_WData_HandleTypeDef>(CAN_WData_HandleTypeDef*)
 .text._ZSt12__miter_baseIN9__gnu_cxx17__normal_iteratorIP23CAN_WData_HandleTypeDefSt6vectorIS2_SaIS2_EEEEET_S8_
                0x0000000008002b72       0x16 ./Core/Module/lift_motor/bg95.o
                0x0000000008002b72                __gnu_cxx::__normal_iterator<CAN_WData_HandleTypeDef*, std::vector<CAN_WData_HandleTypeDef, std::allocator<CAN_WData_HandleTypeDef> > > std::__miter_base<__gnu_cxx::__normal_iterator<CAN_WData_HandleTypeDef*, std::vector<CAN_WData_HandleTypeDef, std::allocator<CAN_WData_HandleTypeDef> > > >(__gnu_cxx::__normal_iterator<CAN_WData_HandleTypeDef*, std::vector<CAN_WData_HandleTypeDef, std::allocator<CAN_WData_HandleTypeDef> > >)
 .text._ZSt13__copy_move_aILb1EN9__gnu_cxx17__normal_iteratorIP23CAN_WData_HandleTypeDefSt6vectorIS2_SaIS2_EEEES7_ET1_T0_S9_S8_
                0x0000000008002b88       0x42 ./Core/Module/lift_motor/bg95.o
                0x0000000008002b88                __gnu_cxx::__normal_iterator<CAN_WData_HandleTypeDef*, std::vector<CAN_WData_HandleTypeDef, std::allocator<CAN_WData_HandleTypeDef> > > std::__copy_move_a<true, __gnu_cxx::__normal_iterator<CAN_WData_HandleTypeDef*, std::vector<CAN_WData_HandleTypeDef, std::allocator<CAN_WData_HandleTypeDef> > >, __gnu_cxx::__normal_iterator<CAN_WData_HandleTypeDef*, std::vector<CAN_WData_HandleTypeDef, std::allocator<CAN_WData_HandleTypeDef> > > >(__gnu_cxx::__normal_iterator<CAN_WData_HandleTypeDef*, std::vector<CAN_WData_HandleTypeDef, std::allocator<CAN_WData_HandleTypeDef> > >, __gnu_cxx::__normal_iterator<CAN_WData_HandleTypeDef*, std::vector<CAN_WData_HandleTypeDef, std::allocator<CAN_WData_HandleTypeDef> > >, __gnu_cxx::__normal_iterator<CAN_WData_HandleTypeDef*, std::vector<CAN_WData_HandleTypeDef, std::allocator<CAN_WData_HandleTypeDef> > >)
 .text._ZNKSt6vectorI23CAN_RData_HandleTypeDefSaIS0_EE8max_sizeEv
                0x0000000008002bca       0x22 ./Core/Module/lift_motor/bg95.o
                0x0000000008002bca                std::vector<CAN_RData_HandleTypeDef, std::allocator<CAN_RData_HandleTypeDef> >::max_size() const
 .text._ZNSt16allocator_traitsISaI23CAN_RData_HandleTypeDefEE8allocateERS1_j
                0x0000000008002bec       0x1e ./Core/Module/lift_motor/bg95.o
                0x0000000008002bec                std::allocator_traits<std::allocator<CAN_RData_HandleTypeDef> >::allocate(std::allocator<CAN_RData_HandleTypeDef>&, unsigned int)
 .text._ZNSt6vectorI23CAN_RData_HandleTypeDefSaIS0_EE14_S_do_relocateEPS0_S3_S3_RS1_St17integral_constantIbLb1EE
                0x0000000008002c0a       0x24 ./Core/Module/lift_motor/bg95.o
                0x0000000008002c0a                std::vector<CAN_RData_HandleTypeDef, std::allocator<CAN_RData_HandleTypeDef> >::_S_do_relocate(CAN_RData_HandleTypeDef*, CAN_RData_HandleTypeDef*, CAN_RData_HandleTypeDef*, std::allocator<CAN_RData_HandleTypeDef>&, std::integral_constant<bool, true>)
 .text._ZSt32__make_move_if_noexcept_iteratorI23CAN_RData_HandleTypeDefSt13move_iteratorIPS0_EET0_PT_
                0x0000000008002c2e       0x1e ./Core/Module/lift_motor/bg95.o
                0x0000000008002c2e                std::move_iterator<CAN_RData_HandleTypeDef*> std::__make_move_if_noexcept_iterator<CAN_RData_HandleTypeDef, std::move_iterator<CAN_RData_HandleTypeDef*> >(CAN_RData_HandleTypeDef*)
 .text._ZSt22__uninitialized_copy_aISt13move_iteratorIP23CAN_RData_HandleTypeDefES2_S1_ET0_T_S5_S4_RSaIT1_E
                0x0000000008002c4c       0x22 ./Core/Module/lift_motor/bg95.o
                0x0000000008002c4c                CAN_RData_HandleTypeDef* std::__uninitialized_copy_a<std::move_iterator<CAN_RData_HandleTypeDef*>, CAN_RData_HandleTypeDef*, CAN_RData_HandleTypeDef>(std::move_iterator<CAN_RData_HandleTypeDef*>, std::move_iterator<CAN_RData_HandleTypeDef*>, CAN_RData_HandleTypeDef*, std::allocator<CAN_RData_HandleTypeDef>&)
 .text._ZN9__gnu_cxx13new_allocatorI23CAN_RData_HandleTypeDefE7destroyIS1_EEvPT_
                0x0000000008002c6e       0x16 ./Core/Module/lift_motor/bg95.o
                0x0000000008002c6e                void __gnu_cxx::new_allocator<CAN_RData_HandleTypeDef>::destroy<CAN_RData_HandleTypeDef>(CAN_RData_HandleTypeDef*)
 .text._ZSt12__miter_baseIN9__gnu_cxx17__normal_iteratorIP23CAN_RData_HandleTypeDefSt6vectorIS2_SaIS2_EEEEET_S8_
                0x0000000008002c84       0x16 ./Core/Module/lift_motor/bg95.o
                0x0000000008002c84                __gnu_cxx::__normal_iterator<CAN_RData_HandleTypeDef*, std::vector<CAN_RData_HandleTypeDef, std::allocator<CAN_RData_HandleTypeDef> > > std::__miter_base<__gnu_cxx::__normal_iterator<CAN_RData_HandleTypeDef*, std::vector<CAN_RData_HandleTypeDef, std::allocator<CAN_RData_HandleTypeDef> > > >(__gnu_cxx::__normal_iterator<CAN_RData_HandleTypeDef*, std::vector<CAN_RData_HandleTypeDef, std::allocator<CAN_RData_HandleTypeDef> > >)
 .text._ZSt13__copy_move_aILb1EN9__gnu_cxx17__normal_iteratorIP23CAN_RData_HandleTypeDefSt6vectorIS2_SaIS2_EEEES7_ET1_T0_S9_S8_
                0x0000000008002c9a       0x42 ./Core/Module/lift_motor/bg95.o
                0x0000000008002c9a                __gnu_cxx::__normal_iterator<CAN_RData_HandleTypeDef*, std::vector<CAN_RData_HandleTypeDef, std::allocator<CAN_RData_HandleTypeDef> > > std::__copy_move_a<true, __gnu_cxx::__normal_iterator<CAN_RData_HandleTypeDef*, std::vector<CAN_RData_HandleTypeDef, std::allocator<CAN_RData_HandleTypeDef> > >, __gnu_cxx::__normal_iterator<CAN_RData_HandleTypeDef*, std::vector<CAN_RData_HandleTypeDef, std::allocator<CAN_RData_HandleTypeDef> > > >(__gnu_cxx::__normal_iterator<CAN_RData_HandleTypeDef*, std::vector<CAN_RData_HandleTypeDef, std::allocator<CAN_RData_HandleTypeDef> > >, __gnu_cxx::__normal_iterator<CAN_RData_HandleTypeDef*, std::vector<CAN_RData_HandleTypeDef, std::allocator<CAN_RData_HandleTypeDef> > >, __gnu_cxx::__normal_iterator<CAN_RData_HandleTypeDef*, std::vector<CAN_RData_HandleTypeDef, std::allocator<CAN_RData_HandleTypeDef> > >)
 .text._ZNSt11__copy_moveILb0ELb1ESt26random_access_iterator_tagE8__copy_mIhEEPT_PKS3_S6_S4_
                0x0000000008002cdc       0x34 ./Core/Module/lift_motor/bg95.o
                0x0000000008002cdc                unsigned char* std::__copy_move<false, true, std::random_access_iterator_tag>::__copy_m<unsigned char>(unsigned char const*, unsigned char const*, unsigned char*)
 .text._ZNSt6vectorI23CAN_WData_HandleTypeDefSaIS0_EE11_S_max_sizeERKS1_
                0x0000000008002d10       0x34 ./Core/Module/lift_motor/bg95.o
                0x0000000008002d10                std::vector<CAN_WData_HandleTypeDef, std::allocator<CAN_WData_HandleTypeDef> >::_S_max_size(std::allocator<CAN_WData_HandleTypeDef> const&)
 .text._ZNKSt12_Vector_baseI23CAN_WData_HandleTypeDefSaIS0_EE19_M_get_Tp_allocatorEv
                0x0000000008002d44       0x16 ./Core/Module/lift_motor/bg95.o
                0x0000000008002d44                std::_Vector_base<CAN_WData_HandleTypeDef, std::allocator<CAN_WData_HandleTypeDef> >::_M_get_Tp_allocator() const
 .text._ZN9__gnu_cxx13new_allocatorI23CAN_WData_HandleTypeDefE8allocateEjPKv
                0x0000000008002d5a       0x3c ./Core/Module/lift_motor/bg95.o
                0x0000000008002d5a                __gnu_cxx::new_allocator<CAN_WData_HandleTypeDef>::allocate(unsigned int, void const*)
 .text._ZSt12__relocate_aIP23CAN_WData_HandleTypeDefS1_SaIS0_EET0_T_S4_S3_RT1_
                0x0000000008002d96       0x3a ./Core/Module/lift_motor/bg95.o
                0x0000000008002d96                CAN_WData_HandleTypeDef* std::__relocate_a<CAN_WData_HandleTypeDef*, CAN_WData_HandleTypeDef*, std::allocator<CAN_WData_HandleTypeDef> >(CAN_WData_HandleTypeDef*, CAN_WData_HandleTypeDef*, CAN_WData_HandleTypeDef*, std::allocator<CAN_WData_HandleTypeDef>&)
 .text._ZNSt13move_iteratorIP23CAN_WData_HandleTypeDefEC2ES1_
                0x0000000008002dd0       0x24 ./Core/Module/lift_motor/bg95.o
                0x0000000008002dd0                std::move_iterator<CAN_WData_HandleTypeDef*>::move_iterator(CAN_WData_HandleTypeDef*)
                0x0000000008002dd0                std::move_iterator<CAN_WData_HandleTypeDef*>::move_iterator(CAN_WData_HandleTypeDef*)
 .text._ZSt18uninitialized_copyISt13move_iteratorIP23CAN_WData_HandleTypeDefES2_ET0_T_S5_S4_
                0x0000000008002df4       0x24 ./Core/Module/lift_motor/bg95.o
                0x0000000008002df4                CAN_WData_HandleTypeDef* std::uninitialized_copy<std::move_iterator<CAN_WData_HandleTypeDef*>, CAN_WData_HandleTypeDef*>(std::move_iterator<CAN_WData_HandleTypeDef*>, std::move_iterator<CAN_WData_HandleTypeDef*>, CAN_WData_HandleTypeDef*)
 .text._ZSt12__niter_baseIP23CAN_WData_HandleTypeDefSt6vectorIS0_SaIS0_EEET_N9__gnu_cxx17__normal_iteratorIS5_T0_EE
                0x0000000008002e18       0x1c ./Core/Module/lift_motor/bg95.o
                0x0000000008002e18                CAN_WData_HandleTypeDef* std::__niter_base<CAN_WData_HandleTypeDef*, std::vector<CAN_WData_HandleTypeDef, std::allocator<CAN_WData_HandleTypeDef> > >(__gnu_cxx::__normal_iterator<CAN_WData_HandleTypeDef*, std::vector<CAN_WData_HandleTypeDef, std::allocator<CAN_WData_HandleTypeDef> > >)
 .text._ZSt14__copy_move_a1ILb1EP23CAN_WData_HandleTypeDefS1_ET1_T0_S3_S2_
                0x0000000008002e34       0x20 ./Core/Module/lift_motor/bg95.o
                0x0000000008002e34                CAN_WData_HandleTypeDef* std::__copy_move_a1<true, CAN_WData_HandleTypeDef*, CAN_WData_HandleTypeDef*>(CAN_WData_HandleTypeDef*, CAN_WData_HandleTypeDef*, CAN_WData_HandleTypeDef*)
 .text._ZSt12__niter_wrapIN9__gnu_cxx17__normal_iteratorIP23CAN_WData_HandleTypeDefSt6vectorIS2_SaIS2_EEEES3_ET_S8_T0_
                0x0000000008002e54       0x2e ./Core/Module/lift_motor/bg95.o
                0x0000000008002e54                __gnu_cxx::__normal_iterator<CAN_WData_HandleTypeDef*, std::vector<CAN_WData_HandleTypeDef, std::allocator<CAN_WData_HandleTypeDef> > > std::__niter_wrap<__gnu_cxx::__normal_iterator<CAN_WData_HandleTypeDef*, std::vector<CAN_WData_HandleTypeDef, std::allocator<CAN_WData_HandleTypeDef> > >, CAN_WData_HandleTypeDef*>(__gnu_cxx::__normal_iterator<CAN_WData_HandleTypeDef*, std::vector<CAN_WData_HandleTypeDef, std::allocator<CAN_WData_HandleTypeDef> > >, CAN_WData_HandleTypeDef*)
 .text._ZNSt6vectorI23CAN_RData_HandleTypeDefSaIS0_EE11_S_max_sizeERKS1_
                0x0000000008002e82       0x34 ./Core/Module/lift_motor/bg95.o
                0x0000000008002e82                std::vector<CAN_RData_HandleTypeDef, std::allocator<CAN_RData_HandleTypeDef> >::_S_max_size(std::allocator<CAN_RData_HandleTypeDef> const&)
 .text._ZNKSt12_Vector_baseI23CAN_RData_HandleTypeDefSaIS0_EE19_M_get_Tp_allocatorEv
                0x0000000008002eb6       0x16 ./Core/Module/lift_motor/bg95.o
                0x0000000008002eb6                std::_Vector_base<CAN_RData_HandleTypeDef, std::allocator<CAN_RData_HandleTypeDef> >::_M_get_Tp_allocator() const
 .text._ZN9__gnu_cxx13new_allocatorI23CAN_RData_HandleTypeDefE8allocateEjPKv
                0x0000000008002ecc       0x3c ./Core/Module/lift_motor/bg95.o
                0x0000000008002ecc                __gnu_cxx::new_allocator<CAN_RData_HandleTypeDef>::allocate(unsigned int, void const*)
 .text._ZSt12__relocate_aIP23CAN_RData_HandleTypeDefS1_SaIS0_EET0_T_S4_S3_RT1_
                0x0000000008002f08       0x3a ./Core/Module/lift_motor/bg95.o
                0x0000000008002f08                CAN_RData_HandleTypeDef* std::__relocate_a<CAN_RData_HandleTypeDef*, CAN_RData_HandleTypeDef*, std::allocator<CAN_RData_HandleTypeDef> >(CAN_RData_HandleTypeDef*, CAN_RData_HandleTypeDef*, CAN_RData_HandleTypeDef*, std::allocator<CAN_RData_HandleTypeDef>&)
 .text._ZNSt13move_iteratorIP23CAN_RData_HandleTypeDefEC2ES1_
                0x0000000008002f42       0x24 ./Core/Module/lift_motor/bg95.o
                0x0000000008002f42                std::move_iterator<CAN_RData_HandleTypeDef*>::move_iterator(CAN_RData_HandleTypeDef*)
                0x0000000008002f42                std::move_iterator<CAN_RData_HandleTypeDef*>::move_iterator(CAN_RData_HandleTypeDef*)
 .text._ZSt18uninitialized_copyISt13move_iteratorIP23CAN_RData_HandleTypeDefES2_ET0_T_S5_S4_
                0x0000000008002f66       0x24 ./Core/Module/lift_motor/bg95.o
                0x0000000008002f66                CAN_RData_HandleTypeDef* std::uninitialized_copy<std::move_iterator<CAN_RData_HandleTypeDef*>, CAN_RData_HandleTypeDef*>(std::move_iterator<CAN_RData_HandleTypeDef*>, std::move_iterator<CAN_RData_HandleTypeDef*>, CAN_RData_HandleTypeDef*)
 .text._ZSt12__niter_baseIP23CAN_RData_HandleTypeDefSt6vectorIS0_SaIS0_EEET_N9__gnu_cxx17__normal_iteratorIS5_T0_EE
                0x0000000008002f8a       0x1c ./Core/Module/lift_motor/bg95.o
                0x0000000008002f8a                CAN_RData_HandleTypeDef* std::__niter_base<CAN_RData_HandleTypeDef*, std::vector<CAN_RData_HandleTypeDef, std::allocator<CAN_RData_HandleTypeDef> > >(__gnu_cxx::__normal_iterator<CAN_RData_HandleTypeDef*, std::vector<CAN_RData_HandleTypeDef, std::allocator<CAN_RData_HandleTypeDef> > >)
 .text._ZSt14__copy_move_a1ILb1EP23CAN_RData_HandleTypeDefS1_ET1_T0_S3_S2_
                0x0000000008002fa6       0x20 ./Core/Module/lift_motor/bg95.o
                0x0000000008002fa6                CAN_RData_HandleTypeDef* std::__copy_move_a1<true, CAN_RData_HandleTypeDef*, CAN_RData_HandleTypeDef*>(CAN_RData_HandleTypeDef*, CAN_RData_HandleTypeDef*, CAN_RData_HandleTypeDef*)
 .text._ZSt12__niter_wrapIN9__gnu_cxx17__normal_iteratorIP23CAN_RData_HandleTypeDefSt6vectorIS2_SaIS2_EEEES3_ET_S8_T0_
                0x0000000008002fc6       0x2e ./Core/Module/lift_motor/bg95.o
                0x0000000008002fc6                __gnu_cxx::__normal_iterator<CAN_RData_HandleTypeDef*, std::vector<CAN_RData_HandleTypeDef, std::allocator<CAN_RData_HandleTypeDef> > > std::__niter_wrap<__gnu_cxx::__normal_iterator<CAN_RData_HandleTypeDef*, std::vector<CAN_RData_HandleTypeDef, std::allocator<CAN_RData_HandleTypeDef> > >, CAN_RData_HandleTypeDef*>(__gnu_cxx::__normal_iterator<CAN_RData_HandleTypeDef*, std::vector<CAN_RData_HandleTypeDef, std::allocator<CAN_RData_HandleTypeDef> > >, CAN_RData_HandleTypeDef*)
 .text._ZNSt16allocator_traitsISaI23CAN_WData_HandleTypeDefEE8max_sizeERKS1_
                0x0000000008002ff4       0x18 ./Core/Module/lift_motor/bg95.o
                0x0000000008002ff4                std::allocator_traits<std::allocator<CAN_WData_HandleTypeDef> >::max_size(std::allocator<CAN_WData_HandleTypeDef> const&)
 .text._ZSt3minIjERKT_S2_S2_
                0x000000000800300c       0x28 ./Core/Module/lift_motor/bg95.o
                0x000000000800300c                unsigned int const& std::min<unsigned int>(unsigned int const&, unsigned int const&)
 .text._ZNK9__gnu_cxx13new_allocatorI23CAN_WData_HandleTypeDefE11_M_max_sizeEv
                0x0000000008003034       0x18 ./Core/Module/lift_motor/bg95.o
                0x0000000008003034                __gnu_cxx::new_allocator<CAN_WData_HandleTypeDef>::_M_max_size() const
 .text._ZSt12__niter_baseIP23CAN_WData_HandleTypeDefET_S2_
                0x000000000800304c       0x16 ./Core/Module/lift_motor/bg95.o
                0x000000000800304c                CAN_WData_HandleTypeDef* std::__niter_base<CAN_WData_HandleTypeDef*>(CAN_WData_HandleTypeDef*)
 .text._ZSt14__relocate_a_1IP23CAN_WData_HandleTypeDefS1_SaIS0_EET0_T_S4_S3_RT1_
                0x0000000008003062       0x4c ./Core/Module/lift_motor/bg95.o
                0x0000000008003062                CAN_WData_HandleTypeDef* std::__relocate_a_1<CAN_WData_HandleTypeDef*, CAN_WData_HandleTypeDef*, std::allocator<CAN_WData_HandleTypeDef> >(CAN_WData_HandleTypeDef*, CAN_WData_HandleTypeDef*, CAN_WData_HandleTypeDef*, std::allocator<CAN_WData_HandleTypeDef>&)
 .text._ZSt4moveIRP23CAN_WData_HandleTypeDefEONSt16remove_referenceIT_E4typeEOS4_
                0x00000000080030ae       0x16 ./Core/Module/lift_motor/bg95.o
                0x00000000080030ae                std::remove_reference<CAN_WData_HandleTypeDef*&>::type&& std::move<CAN_WData_HandleTypeDef*&>(CAN_WData_HandleTypeDef*&)
 .text._ZNSt20__uninitialized_copyILb0EE13__uninit_copyISt13move_iteratorIP23CAN_WData_HandleTypeDefES4_EET0_T_S7_S6_
                0x00000000080030c4       0x5e ./Core/Module/lift_motor/bg95.o
                0x00000000080030c4                CAN_WData_HandleTypeDef* std::__uninitialized_copy<false>::__uninit_copy<std::move_iterator<CAN_WData_HandleTypeDef*>, CAN_WData_HandleTypeDef*>(std::move_iterator<CAN_WData_HandleTypeDef*>, std::move_iterator<CAN_WData_HandleTypeDef*>, CAN_WData_HandleTypeDef*)
 .text._ZSt14__copy_move_a2ILb1EP23CAN_WData_HandleTypeDefS1_ET1_T0_S3_S2_
                0x0000000008003122       0x20 ./Core/Module/lift_motor/bg95.o
                0x0000000008003122                CAN_WData_HandleTypeDef* std::__copy_move_a2<true, CAN_WData_HandleTypeDef*, CAN_WData_HandleTypeDef*>(CAN_WData_HandleTypeDef*, CAN_WData_HandleTypeDef*, CAN_WData_HandleTypeDef*)
 .text._ZNSt16allocator_traitsISaI23CAN_RData_HandleTypeDefEE8max_sizeERKS1_
                0x0000000008003142       0x18 ./Core/Module/lift_motor/bg95.o
                0x0000000008003142                std::allocator_traits<std::allocator<CAN_RData_HandleTypeDef> >::max_size(std::allocator<CAN_RData_HandleTypeDef> const&)
 .text._ZNK9__gnu_cxx13new_allocatorI23CAN_RData_HandleTypeDefE11_M_max_sizeEv
                0x000000000800315a       0x18 ./Core/Module/lift_motor/bg95.o
                0x000000000800315a                __gnu_cxx::new_allocator<CAN_RData_HandleTypeDef>::_M_max_size() const
 .text._ZSt12__niter_baseIP23CAN_RData_HandleTypeDefET_S2_
                0x0000000008003172       0x16 ./Core/Module/lift_motor/bg95.o
                0x0000000008003172                CAN_RData_HandleTypeDef* std::__niter_base<CAN_RData_HandleTypeDef*>(CAN_RData_HandleTypeDef*)
 .text._ZSt14__relocate_a_1IP23CAN_RData_HandleTypeDefS1_SaIS0_EET0_T_S4_S3_RT1_
                0x0000000008003188       0x4c ./Core/Module/lift_motor/bg95.o
                0x0000000008003188                CAN_RData_HandleTypeDef* std::__relocate_a_1<CAN_RData_HandleTypeDef*, CAN_RData_HandleTypeDef*, std::allocator<CAN_RData_HandleTypeDef> >(CAN_RData_HandleTypeDef*, CAN_RData_HandleTypeDef*, CAN_RData_HandleTypeDef*, std::allocator<CAN_RData_HandleTypeDef>&)
 .text._ZSt4moveIRP23CAN_RData_HandleTypeDefEONSt16remove_referenceIT_E4typeEOS4_
                0x00000000080031d4       0x16 ./Core/Module/lift_motor/bg95.o
                0x00000000080031d4                std::remove_reference<CAN_RData_HandleTypeDef*&>::type&& std::move<CAN_RData_HandleTypeDef*&>(CAN_RData_HandleTypeDef*&)
 .text._ZNSt20__uninitialized_copyILb0EE13__uninit_copyISt13move_iteratorIP23CAN_RData_HandleTypeDefES4_EET0_T_S7_S6_
                0x00000000080031ea       0x5e ./Core/Module/lift_motor/bg95.o
                0x00000000080031ea                CAN_RData_HandleTypeDef* std::__uninitialized_copy<false>::__uninit_copy<std::move_iterator<CAN_RData_HandleTypeDef*>, CAN_RData_HandleTypeDef*>(std::move_iterator<CAN_RData_HandleTypeDef*>, std::move_iterator<CAN_RData_HandleTypeDef*>, CAN_RData_HandleTypeDef*)
 .text._ZSt14__copy_move_a2ILb1EP23CAN_RData_HandleTypeDefS1_ET1_T0_S3_S2_
                0x0000000008003248       0x20 ./Core/Module/lift_motor/bg95.o
                0x0000000008003248                CAN_RData_HandleTypeDef* std::__copy_move_a2<true, CAN_RData_HandleTypeDef*, CAN_RData_HandleTypeDef*>(CAN_RData_HandleTypeDef*, CAN_RData_HandleTypeDef*, CAN_RData_HandleTypeDef*)
 .text._ZNK9__gnu_cxx13new_allocatorI23CAN_WData_HandleTypeDefE8max_sizeEv
                0x0000000008003268       0x18 ./Core/Module/lift_motor/bg95.o
                0x0000000008003268                __gnu_cxx::new_allocator<CAN_WData_HandleTypeDef>::max_size() const
 .text._ZSt11__addressofI23CAN_WData_HandleTypeDefEPT_RS1_
                0x0000000008003280       0x16 ./Core/Module/lift_motor/bg95.o
                0x0000000008003280                CAN_WData_HandleTypeDef* std::__addressof<CAN_WData_HandleTypeDef>(CAN_WData_HandleTypeDef&)
 .text._ZSt19__relocate_object_aI23CAN_WData_HandleTypeDefS0_SaIS0_EEvPT_PT0_RT1_
                0x0000000008003296       0x36 ./Core/Module/lift_motor/bg95.o
                0x0000000008003296                void std::__relocate_object_a<CAN_WData_HandleTypeDef, CAN_WData_HandleTypeDef, std::allocator<CAN_WData_HandleTypeDef> >(CAN_WData_HandleTypeDef*, CAN_WData_HandleTypeDef*, std::allocator<CAN_WData_HandleTypeDef>&)
 .text._ZStneIP23CAN_WData_HandleTypeDefEbRKSt13move_iteratorIT_ES6_
                0x00000000080032cc       0x22 ./Core/Module/lift_motor/bg95.o
                0x00000000080032cc                bool std::operator!=<CAN_WData_HandleTypeDef*>(std::move_iterator<CAN_WData_HandleTypeDef*> const&, std::move_iterator<CAN_WData_HandleTypeDef*> const&)
 .text._ZNSt13move_iteratorIP23CAN_WData_HandleTypeDefEppEv
                0x00000000080032ee       0x22 ./Core/Module/lift_motor/bg95.o
                0x00000000080032ee                std::move_iterator<CAN_WData_HandleTypeDef*>::operator++()
 .text._ZNKSt13move_iteratorIP23CAN_WData_HandleTypeDefEdeEv
                0x0000000008003310       0x18 ./Core/Module/lift_motor/bg95.o
                0x0000000008003310                std::move_iterator<CAN_WData_HandleTypeDef*>::operator*() const
 .text._ZSt10_ConstructI23CAN_WData_HandleTypeDefJS0_EEvPT_DpOT0_
                0x0000000008003328       0x30 ./Core/Module/lift_motor/bg95.o
                0x0000000008003328                void std::_Construct<CAN_WData_HandleTypeDef, CAN_WData_HandleTypeDef>(CAN_WData_HandleTypeDef*, CAN_WData_HandleTypeDef&&)
 .text._ZNSt11__copy_moveILb1ELb1ESt26random_access_iterator_tagE8__copy_mI23CAN_WData_HandleTypeDefEEPT_PKS4_S7_S5_
                0x0000000008003358       0x3a ./Core/Module/lift_motor/bg95.o
                0x0000000008003358                CAN_WData_HandleTypeDef* std::__copy_move<true, true, std::random_access_iterator_tag>::__copy_m<CAN_WData_HandleTypeDef>(CAN_WData_HandleTypeDef const*, CAN_WData_HandleTypeDef const*, CAN_WData_HandleTypeDef*)
 .text._ZNK9__gnu_cxx13new_allocatorI23CAN_RData_HandleTypeDefE8max_sizeEv
                0x0000000008003392       0x18 ./Core/Module/lift_motor/bg95.o
                0x0000000008003392                __gnu_cxx::new_allocator<CAN_RData_HandleTypeDef>::max_size() const
 .text._ZSt11__addressofI23CAN_RData_HandleTypeDefEPT_RS1_
                0x00000000080033aa       0x16 ./Core/Module/lift_motor/bg95.o
                0x00000000080033aa                CAN_RData_HandleTypeDef* std::__addressof<CAN_RData_HandleTypeDef>(CAN_RData_HandleTypeDef&)
 .text._ZSt19__relocate_object_aI23CAN_RData_HandleTypeDefS0_SaIS0_EEvPT_PT0_RT1_
                0x00000000080033c0       0x36 ./Core/Module/lift_motor/bg95.o
                0x00000000080033c0                void std::__relocate_object_a<CAN_RData_HandleTypeDef, CAN_RData_HandleTypeDef, std::allocator<CAN_RData_HandleTypeDef> >(CAN_RData_HandleTypeDef*, CAN_RData_HandleTypeDef*, std::allocator<CAN_RData_HandleTypeDef>&)
 .text._ZStneIP23CAN_RData_HandleTypeDefEbRKSt13move_iteratorIT_ES6_
                0x00000000080033f6       0x22 ./Core/Module/lift_motor/bg95.o
                0x00000000080033f6                bool std::operator!=<CAN_RData_HandleTypeDef*>(std::move_iterator<CAN_RData_HandleTypeDef*> const&, std::move_iterator<CAN_RData_HandleTypeDef*> const&)
 .text._ZNSt13move_iteratorIP23CAN_RData_HandleTypeDefEppEv
                0x0000000008003418       0x22 ./Core/Module/lift_motor/bg95.o
                0x0000000008003418                std::move_iterator<CAN_RData_HandleTypeDef*>::operator++()
 .text._ZNKSt13move_iteratorIP23CAN_RData_HandleTypeDefEdeEv
                0x000000000800343a       0x18 ./Core/Module/lift_motor/bg95.o
                0x000000000800343a                std::move_iterator<CAN_RData_HandleTypeDef*>::operator*() const
 .text._ZSt10_ConstructI23CAN_RData_HandleTypeDefJS0_EEvPT_DpOT0_
                0x0000000008003452       0x30 ./Core/Module/lift_motor/bg95.o
                0x0000000008003452                void std::_Construct<CAN_RData_HandleTypeDef, CAN_RData_HandleTypeDef>(CAN_RData_HandleTypeDef*, CAN_RData_HandleTypeDef&&)
 .text._ZNSt11__copy_moveILb1ELb1ESt26random_access_iterator_tagE8__copy_mI23CAN_RData_HandleTypeDefEEPT_PKS4_S7_S5_
                0x0000000008003482       0x3a ./Core/Module/lift_motor/bg95.o
                0x0000000008003482                CAN_RData_HandleTypeDef* std::__copy_move<true, true, std::random_access_iterator_tag>::__copy_m<CAN_RData_HandleTypeDef>(CAN_RData_HandleTypeDef const*, CAN_RData_HandleTypeDef const*, CAN_RData_HandleTypeDef*)
 .text._ZSt4moveIR23CAN_WData_HandleTypeDefEONSt16remove_referenceIT_E4typeEOS3_
                0x00000000080034bc       0x16 ./Core/Module/lift_motor/bg95.o
                0x00000000080034bc                std::remove_reference<CAN_WData_HandleTypeDef&>::type&& std::move<CAN_WData_HandleTypeDef&>(CAN_WData_HandleTypeDef&)
 .text._ZNSt16allocator_traitsISaI23CAN_WData_HandleTypeDefEE9constructIS0_JS0_EEEvRS1_PT_DpOT0_
                0x00000000080034d2       0x26 ./Core/Module/lift_motor/bg95.o