../Drivers/CMSIS/Include/core_cm7.h:2229:22:void SCB_EnableICache()	4	static,ignoring_inline_asm
../Drivers/CMSIS/Include/core_cm7.h:2281:22:void SCB_EnableDCache()	24	static,ignoring_inline_asm
/opt/st/stm32cubeide_1.11.0/plugins/com.st.stm32cube.ide.mcu.externaltools.gnu-tools-for-stm32.10.3-2021.10.linux64_1.0.100.202210260954/tools/arm-none-eabi/include/c++/10.3.1/arm-none-eabi/thumb/v7e-m+fp/hard/bits/gthr-default.h:229:1:int __gthread_key_delete(__gthread_key_t)	16	static
../Core/Src/main.cpp:82:5:int main()	184	static
../Core/Src/main.cpp:150:6:void SystemClock_Config()	88	static
../Core/Src/main.cpp:203:13:void MX_CAN1_Init()	8	static
../Core/Src/main.cpp:240:13:void MX_TIM7_Init()	24	static
../Core/Src/main.cpp:278:13:void MX_UART4_Init()	8	static
../Core/Src/main.cpp:313:13:void MX_UART5_Init()	8	static
../Core/Src/main.cpp:348:13:void MX_USART1_UART_Init()	8	static
../Core/Src/main.cpp:383:13:void MX_USART3_UART_Init()	8	static
../Core/Src/main.cpp:418:13:void MX_USART6_UART_Init()	8	static
../Core/Src/main.cpp:449:13:void MX_FMC_Init()	40	static
../Core/Src/main.cpp:507:13:void MX_GPIO_Init()	64	static
../Core/Src/main.cpp:607:6:void HAL_TIM_PeriodElapsedCallback(TIM_HandleTypeDef*)	16	static
../Core/Src/main.cpp:624:6:void Error_Handler()	4	static,ignoring_inline_asm
