../Drivers/CMSIS/Include/core_cm7.h:2464:22:SCB_InvalidateDCache_by_Addr	32	static,ignoring_inline_asm
../LWIP/Target/ethernetif.c:158:6:HAL_ETH_RxCpltCallback	16	static
../LWIP/Target/ethernetif.c:167:6:HAL_ETH_TxCpltCallback	16	static
../LWIP/Target/ethernetif.c:176:6:HAL_ETH_ErrorCallback	16	static
../LWIP/Target/ethernetif.c:198:13:low_level_init	176	static
../LWIP/Target/ethernetif.c:360:14:low_level_output	80	static
../LWIP/Target/ethernetif.c:415:22:low_level_input	24	static
../LWIP/Target/ethernetif.c:439:13:ethernetif_input	144	static
../LWIP/Target/ethernetif.c:567:7:ethernetif_init	16	static
../LWIP/Target/ethernetif.c:618:6:pbuf_free_custom	24	static
../LWIP/Target/ethernetif.c:641:7:sys_now	8	static
../LWIP/Target/ethernetif.c:654:6:HAL_ETH_MspInit	64	static
../LWIP/Target/ethernetif.c:717:6:HAL_ETH_MspDeInit	16	static
../LWIP/Target/ethernetif.c:763:9:ETH_PHY_IO_Init	8	static
../LWIP/Target/ethernetif.c:780:9:ETH_PHY_IO_DeInit	4	static
../LWIP/Target/ethernetif.c:792:9:ETH_PHY_IO_ReadReg	24	static
../LWIP/Target/ethernetif.c:809:9:ETH_PHY_IO_WriteReg	24	static
../LWIP/Target/ethernetif.c:823:9:ETH_PHY_IO_GetTick	8	static
../LWIP/Target/ethernetif.c:833:6:ethernet_link_thread	136	static
../LWIP/Target/ethernetif.c:903:6:HAL_ETH_RxAllocateCallback	32	static
../LWIP/Target/ethernetif.c:925:6:HAL_ETH_RxLinkCallback	40	static
../LWIP/Target/ethernetif.c:965:6:HAL_ETH_TxFreeCallback	16	static
