11:37:53 **** Incremental Build of configuration Debug for project mcx514 ****
make -j4 all 
arm-none-eabi-g++ "../Core/module/mcx514/src/mcx514.cpp" -mcpu=cortex-m7 -std=gnu++14 -g3 -DDEBUG -DUSE_HAL_DRIVER -DSTM32F746xx -c -I../Core/Inc -I"/home/studio3s/STM32CubeIDE/workspace_1.11.0/STM32F7_Modules/mcx514/Core/module" -I../Drivers/STM32F7xx_HAL_Driver/Inc -I../Drivers/STM32F7xx_HAL_Driver/Inc/Legacy -I../Drivers/CMSIS/Device/ST/STM32F7xx/Include -I../Drivers/CMSIS/Include -O0 -ffunction-sections -fdata-sections -fno-exceptions -fno-rtti -fno-use-cxa-atexit -Wall -fstack-usage -MMD -MP -MF"Core/module/mcx514/src/mcx514.d" -MT"Core/module/mcx514/src/mcx514.o" --specs=nano.specs -mfpu=fpv5-sp-d16 -mfloat-abi=hard -mthumb -o "Core/module/mcx514/src/mcx514.o"
arm-none-eabi-g++ -o "mcx514.elf" @"objects.list"   -mcpu=cortex-m7 -T"/home/studio3s/STM32CubeIDE/workspace_1.11.0/STM32F7_Modules/mcx514/STM32F746ZETX_FLASH.ld" --specs=nosys.specs -Wl,-Map="mcx514.map" -Wl,--gc-sections -static --specs=nano.specs -mfpu=fpv5-sp-d16 -mfloat-abi=hard -mthumb -Wl,--start-group -lc -lm -lstdc++ -lsupc++ -Wl,--end-group
Finished building target: mcx514.elf
 
arm-none-eabi-size   mcx514.elf 
arm-none-eabi-objdump -h -S  mcx514.elf  > "mcx514.list"
   text	   data	    bss	    dec	    hex	filename
 185928	    776	  31332	 218036	  353b4	mcx514.elf
Finished building: default.size.stdout
 
Finished building: mcx514.list
 
11:37:59 **** Incremental Build of configuration Debug for project mcx514 ****
make -j4 all 
arm-none-eabi-size   mcx514.elf 
   text	   data	    bss	    dec	    hex	filename
 185928	    776	  31332	 218036	  353b4	mcx514.elf
Finished building: default.size.stdout
 
13:12:53 **** Incremental Build of configuration Debug for project mcx514 ****
make -j4 all 
arm-none-eabi-size   mcx514.elf 
   text	   data	    bss	    dec	    hex	filename
 185928	    776	  31332	 218036	  353b4	mcx514.elf
Finished building: default.size.stdout
 
13:17:42 **** Incremental Build of configuration Debug for project mcx514 ****
make -j4 all 
arm-none-eabi-g++ "../Core/module/mcx514/src/mcx514.cpp" -mcpu=cortex-m7 -std=gnu++14 -g3 -DDEBUG -DUSE_HAL_DRIVER -DSTM32F746xx -c -I../Core/Inc -I"/home/studio3s/STM32CubeIDE/workspace_1.11.0/STM32F7_Modules/mcx514/Core/module" -I../Drivers/STM32F7xx_HAL_Driver/Inc -I../Drivers/STM32F7xx_HAL_Driver/Inc/Legacy -I../Drivers/CMSIS/Device/ST/STM32F7xx/Include -I../Drivers/CMSIS/Include -O0 -ffunction-sections -fdata-sections -fno-exceptions -fno-rtti -fno-use-cxa-atexit -Wall -fstack-usage -MMD -MP -MF"Core/module/mcx514/src/mcx514.d" -MT"Core/module/mcx514/src/mcx514.o" --specs=nano.specs -mfpu=fpv5-sp-d16 -mfloat-abi=hard -mthumb -o "Core/module/mcx514/src/mcx514.o"
arm-none-eabi-g++ -o "mcx514.elf" @"objects.list"   -mcpu=cortex-m7 -T"/home/studio3s/STM32CubeIDE/workspace_1.11.0/STM32F7_Modules/mcx514/STM32F746ZETX_FLASH.ld" --specs=nosys.specs -Wl,-Map="mcx514.map" -Wl,--gc-sections -static --specs=nano.specs -mfpu=fpv5-sp-d16 -mfloat-abi=hard -mthumb -Wl,--start-group -lc -lm -lstdc++ -lsupc++ -Wl,--end-group
Finished building target: mcx514.elf
 
arm-none-eabi-size   mcx514.elf 
arm-none-eabi-objdump -h -S  mcx514.elf  > "mcx514.list"
   text	   data	    bss	    dec	    hex	filename
 185928	    776	  31332	 218036	  353b4	mcx514.elf
Finished building: default.size.stdout
 
Finished building: mcx514.list
 
13:21:56 **** Incremental Build of configuration Debug for project mcx514 ****
make -j4 all 
arm-none-eabi-g++ "../Core/module/mcx514/src/mcx514_command.cpp" -mcpu=cortex-m7 -std=gnu++14 -g3 -DDEBUG -DUSE_HAL_DRIVER -DSTM32F746xx -c -I../Core/Inc -I"/home/studio3s/STM32CubeIDE/workspace_1.11.0/STM32F7_Modules/mcx514/Core/module" -I../Drivers/STM32F7xx_HAL_Driver/Inc -I../Drivers/STM32F7xx_HAL_Driver/Inc/Legacy -I../Drivers/CMSIS/Device/ST/STM32F7xx/Include -I../Drivers/CMSIS/Include -O0 -ffunction-sections -fdata-sections -fno-exceptions -fno-rtti -fno-use-cxa-atexit -Wall -fstack-usage -MMD -MP -MF"Core/module/mcx514/src/mcx514_command.d" -MT"Core/module/mcx514/src/mcx514_command.o" --specs=nano.specs -mfpu=fpv5-sp-d16 -mfloat-abi=hard -mthumb -o "Core/module/mcx514/src/mcx514_command.o"
arm-none-eabi-g++ -o "mcx514.elf" @"objects.list"   -mcpu=cortex-m7 -T"/home/studio3s/STM32CubeIDE/workspace_1.11.0/STM32F7_Modules/mcx514/STM32F746ZETX_FLASH.ld" --specs=nosys.specs -Wl,-Map="mcx514.map" -Wl,--gc-sections -static --specs=nano.specs -mfpu=fpv5-sp-d16 -mfloat-abi=hard -mthumb -Wl,--start-group -lc -lm -lstdc++ -lsupc++ -Wl,--end-group
Finished building target: mcx514.elf
 
arm-none-eabi-size   mcx514.elf 
arm-none-eabi-objdump -h -S  mcx514.elf  > "mcx514.list"
   text	   data	    bss	    dec	    hex	filename
 185856	    776	  31332	 217964	  3536c	mcx514.elf
Finished building: default.size.stdout
 
Finished building: mcx514.list
 
13:23:11 **** Incremental Build of configuration Debug for project mcx514 ****
make -j4 all 
arm-none-eabi-g++ "../Core/module/mcx514/src/mcx514_command.cpp" -mcpu=cortex-m7 -std=gnu++14 -g3 -DDEBUG -DUSE_HAL_DRIVER -DSTM32F746xx -c -I../Core/Inc -I"/home/studio3s/STM32CubeIDE/workspace_1.11.0/STM32F7_Modules/mcx514/Core/module" -I../Drivers/STM32F7xx_HAL_Driver/Inc -I../Drivers/STM32F7xx_HAL_Driver/Inc/Legacy -I../Drivers/CMSIS/Device/ST/STM32F7xx/Include -I../Drivers/CMSIS/Include -O0 -ffunction-sections -fdata-sections -fno-exceptions -fno-rtti -fno-use-cxa-atexit -Wall -fstack-usage -MMD -MP -MF"Core/module/mcx514/src/mcx514_command.d" -MT"Core/module/mcx514/src/mcx514_command.o" --specs=nano.specs -mfpu=fpv5-sp-d16 -mfloat-abi=hard -mthumb -o "Core/module/mcx514/src/mcx514_command.o"
arm-none-eabi-g++ -o "mcx514.elf" @"objects.list"   -mcpu=cortex-m7 -T"/home/studio3s/STM32CubeIDE/workspace_1.11.0/STM32F7_Modules/mcx514/STM32F746ZETX_FLASH.ld" --specs=nosys.specs -Wl,-Map="mcx514.map" -Wl,--gc-sections -static --specs=nano.specs -mfpu=fpv5-sp-d16 -mfloat-abi=hard -mthumb -Wl,--start-group -lc -lm -lstdc++ -lsupc++ -Wl,--end-group
Finished building target: mcx514.elf
 
arm-none-eabi-size   mcx514.elf 
arm-none-eabi-objdump -h -S  mcx514.elf  > "mcx514.list"
   text	   data	    bss	    dec	    hex	filename
 185928	    776	  31332	 218036	  353b4	mcx514.elf
Finished building: default.size.stdout
 
Finished building: mcx514.list
 
13:31:25 **** Incremental Build of configuration Debug for project mcx514 ****
make -j4 all 
arm-none-eabi-g++ "../Core/module/mcx514/src/mcx514_command.cpp" -mcpu=cortex-m7 -std=gnu++14 -g3 -DDEBUG -DUSE_HAL_DRIVER -DSTM32F746xx -c -I../Core/Inc -I"/home/studio3s/STM32CubeIDE/workspace_1.11.0/STM32F7_Modules/mcx514/Core/module" -I../Drivers/STM32F7xx_HAL_Driver/Inc -I../Drivers/STM32F7xx_HAL_Driver/Inc/Legacy -I../Drivers/CMSIS/Device/ST/STM32F7xx/Include -I../Drivers/CMSIS/Include -O0 -ffunction-sections -fdata-sections -fno-exceptions -fno-rtti -fno-use-cxa-atexit -Wall -fstack-usage -MMD -MP -MF"Core/module/mcx514/src/mcx514_command.d" -MT"Core/module/mcx514/src/mcx514_command.o" --specs=nano.specs -mfpu=fpv5-sp-d16 -mfloat-abi=hard -mthumb -o "Core/module/mcx514/src/mcx514_command.o"
arm-none-eabi-g++ -o "mcx514.elf" @"objects.list"   -mcpu=cortex-m7 -T"/home/studio3s/STM32CubeIDE/workspace_1.11.0/STM32F7_Modules/mcx514/STM32F746ZETX_FLASH.ld" --specs=nosys.specs -Wl,-Map="mcx514.map" -Wl,--gc-sections -static --specs=nano.specs -mfpu=fpv5-sp-d16 -mfloat-abi=hard -mthumb -Wl,--start-group -lc -lm -lstdc++ -lsupc++ -Wl,--end-group
Finished building target: mcx514.elf
 
arm-none-eabi-size   mcx514.elf 
arm-none-eabi-objdump -h -S  mcx514.elf  > "mcx514.list"
   text	   data	    bss	    dec	    hex	filename
 186112	    776	  31332	 218220	  3546c	mcx514.elf
Finished building: default.size.stdout
 
Finished building: mcx514.list
 
13:32:02 **** Incremental Build of configuration Debug for project mcx514 ****
make -j4 all 
arm-none-eabi-g++ "../Core/Src/main.cpp" -mcpu=cortex-m7 -std=gnu++14 -g3 -DDEBUG -DUSE_HAL_DRIVER -DSTM32F746xx -c -I../Core/Inc -I"/home/studio3s/STM32CubeIDE/workspace_1.11.0/STM32F7_Modules/mcx514/Core/module" -I../Drivers/STM32F7xx_HAL_Driver/Inc -I../Drivers/STM32F7xx_HAL_Driver/Inc/Legacy -I../Drivers/CMSIS/Device/ST/STM32F7xx/Include -I../Drivers/CMSIS/Include -O0 -ffunction-sections -fdata-sections -fno-exceptions -fno-rtti -fno-use-cxa-atexit -Wall -fstack-usage -MMD -MP -MF"Core/Src/main.d" -MT"Core/Src/main.o" --specs=nano.specs -mfpu=fpv5-sp-d16 -mfloat-abi=hard -mthumb -o "Core/Src/main.o"
arm-none-eabi-g++ -o "mcx514.elf" @"objects.list"   -mcpu=cortex-m7 -T"/home/studio3s/STM32CubeIDE/workspace_1.11.0/STM32F7_Modules/mcx514/STM32F746ZETX_FLASH.ld" --specs=nosys.specs -Wl,-Map="mcx514.map" -Wl,--gc-sections -static --specs=nano.specs -mfpu=fpv5-sp-d16 -mfloat-abi=hard -mthumb -Wl,--start-group -lc -lm -lstdc++ -lsupc++ -Wl,--end-group
Finished building target: mcx514.elf
 
arm-none-eabi-size   mcx514.elf 
arm-none-eabi-objdump -h -S  mcx514.elf  > "mcx514.list"
   text	   data	    bss	    dec	    hex	filename
 186112	    776	  31332	 218220	  3546c	mcx514.elf
Finished building: default.size.stdout
 
Finished building: mcx514.list
 
13:46:17 **** Incremental Build of configuration Debug for project mcx514 ****
make -j4 all 
arm-none-eabi-g++ "../Core/module/mcx514/src/mcx514_command.cpp" -mcpu=cortex-m7 -std=gnu++14 -g3 -DDEBUG -DUSE_HAL_DRIVER -DSTM32F746xx -c -I../Core/Inc -I"/home/studio3s/STM32CubeIDE/workspace_1.11.0/STM32F7_Modules/mcx514/Core/module" -I../Drivers/STM32F7xx_HAL_Driver/Inc -I../Drivers/STM32F7xx_HAL_Driver/Inc/Legacy -I../Drivers/CMSIS/Device/ST/STM32F7xx/Include -I../Drivers/CMSIS/Include -O0 -ffunction-sections -fdata-sections -fno-exceptions -fno-rtti -fno-use-cxa-atexit -Wall -fstack-usage -MMD -MP -MF"Core/module/mcx514/src/mcx514_command.d" -MT"Core/module/mcx514/src/mcx514_command.o" --specs=nano.specs -mfpu=fpv5-sp-d16 -mfloat-abi=hard -mthumb -o "Core/module/mcx514/src/mcx514_command.o"
arm-none-eabi-g++ -o "mcx514.elf" @"objects.list"   -mcpu=cortex-m7 -T"/home/studio3s/STM32CubeIDE/workspace_1.11.0/STM32F7_Modules/mcx514/STM32F746ZETX_FLASH.ld" --specs=nosys.specs -Wl,-Map="mcx514.map" -Wl,--gc-sections -static --specs=nano.specs -mfpu=fpv5-sp-d16 -mfloat-abi=hard -mthumb -Wl,--start-group -lc -lm -lstdc++ -lsupc++ -Wl,--end-group
Finished building target: mcx514.elf
 
arm-none-eabi-size   mcx514.elf 
arm-none-eabi-objdump -h -S  mcx514.elf  > "mcx514.list"
   text	   data	    bss	    dec	    hex	filename
 185976	    776	  31332	 218084	  353e4	mcx514.elf
Finished building: default.size.stdout
 
Finished building: mcx514.list
 
14:00:21 **** Incremental Build of configuration Debug for project mcx514 ****
make -j4 all 
arm-none-eabi-g++ "../Core/module/mcx514/src/mcx514_command.cpp" -mcpu=cortex-m7 -std=gnu++14 -g3 -DDEBUG -DUSE_HAL_DRIVER -DSTM32F746xx -c -I../Core/Inc -I"/home/studio3s/STM32CubeIDE/workspace_1.11.0/STM32F7_Modules/mcx514/Core/module" -I../Drivers/STM32F7xx_HAL_Driver/Inc -I../Drivers/STM32F7xx_HAL_Driver/Inc/Legacy -I../Drivers/CMSIS/Device/ST/STM32F7xx/Include -I../Drivers/CMSIS/Include -O0 -ffunction-sections -fdata-sections -fno-exceptions -fno-rtti -fno-use-cxa-atexit -Wall -fstack-usage -MMD -MP -MF"Core/module/mcx514/src/mcx514_command.d" -MT"Core/module/mcx514/src/mcx514_command.o" --specs=nano.specs -mfpu=fpv5-sp-d16 -mfloat-abi=hard -mthumb -o "Core/module/mcx514/src/mcx514_command.o"
arm-none-eabi-g++ "../Core/Src/main.cpp" -mcpu=cortex-m7 -std=gnu++14 -g3 -DDEBUG -DUSE_HAL_DRIVER -DSTM32F746xx -c -I../Core/Inc -I"/home/studio3s/STM32CubeIDE/workspace_1.11.0/STM32F7_Modules/mcx514/Core/module" -I../Drivers/STM32F7xx_HAL_Driver/Inc -I../Drivers/STM32F7xx_HAL_Driver/Inc/Legacy -I../Drivers/CMSIS/Device/ST/STM32F7xx/Include -I../Drivers/CMSIS/Include -O0 -ffunction-sections -fdata-sections -fno-exceptions -fno-rtti -fno-use-cxa-atexit -Wall -fstack-usage -MMD -MP -MF"Core/Src/main.d" -MT"Core/Src/main.o" --specs=nano.specs -mfpu=fpv5-sp-d16 -mfloat-abi=hard -mthumb -o "Core/Src/main.o"
../Core/module/mcx514/src/mcx514_command.cpp: In member function 'void MCX514::TESTDRIVEENQEUE()':
../Core/module/mcx514/src/mcx514_command.cpp:1051:50: error: 'Cmd' was not declared in this scope
 1051 |  WriteReg0((unsigned short) (this->axis_ << 8) | Cmd);
      |                                                  ^~~
make: *** [Core/module/mcx514/src/subdir.mk:22: Core/module/mcx514/src/mcx514_command.o] Error 1
make: *** Waiting for unfinished jobs....
"make -j4 all" terminated with exit code 2. Build might be incomplete.
14:00:42 **** Incremental Build of configuration Debug for project mcx514 ****
make -j4 all 
arm-none-eabi-g++ "../Core/module/mcx514/src/mcx514_command.cpp" -mcpu=cortex-m7 -std=gnu++14 -g3 -DDEBUG -DUSE_HAL_DRIVER -DSTM32F746xx -c -I../Core/Inc -I"/home/studio3s/STM32CubeIDE/workspace_1.11.0/STM32F7_Modules/mcx514/Core/module" -I../Drivers/STM32F7xx_HAL_Driver/Inc -I../Drivers/STM32F7xx_HAL_Driver/Inc/Legacy -I../Drivers/CMSIS/Device/ST/STM32F7xx/Include -I../Drivers/CMSIS/Include -O0 -ffunction-sections -fdata-sections -fno-exceptions -fno-rtti -fno-use-cxa-atexit -Wall -fstack-usage -MMD -MP -MF"Core/module/mcx514/src/mcx514_command.d" -MT"Core/module/mcx514/src/mcx514_command.o" --specs=nano.specs -mfpu=fpv5-sp-d16 -mfloat-abi=hard -mthumb -o "Core/module/mcx514/src/mcx514_command.o"
arm-none-eabi-g++ -o "mcx514.elf" @"objects.list"   -mcpu=cortex-m7 -T"/home/studio3s/STM32CubeIDE/workspace_1.11.0/STM32F7_Modules/mcx514/STM32F746ZETX_FLASH.ld" --specs=nosys.specs -Wl,-Map="mcx514.map" -Wl,--gc-sections -static --specs=nano.specs -mfpu=fpv5-sp-d16 -mfloat-abi=hard -mthumb -Wl,--start-group -lc -lm -lstdc++ -lsupc++ -Wl,--end-group
Finished building target: mcx514.elf
 
arm-none-eabi-size   mcx514.elf 
arm-none-eabi-objdump -h -S  mcx514.elf  > "mcx514.list"
   text	   data	    bss	    dec	    hex	filename
 185992	    776	  31332	 218100	  353f4	mcx514.elf
Finished building: default.size.stdout
 
Finished building: mcx514.list
 
14:10:55 **** Incremental Build of configuration Debug for project mcx514 ****
make -j4 all 
arm-none-eabi-g++ "../Core/module/mcx514/src/mcx514_command.cpp" -mcpu=cortex-m7 -std=gnu++14 -g3 -DDEBUG -DUSE_HAL_DRIVER -DSTM32F746xx -c -I../Core/Inc -I"/home/studio3s/STM32CubeIDE/workspace_1.11.0/STM32F7_Modules/mcx514/Core/module" -I../Drivers/STM32F7xx_HAL_Driver/Inc -I../Drivers/STM32F7xx_HAL_Driver/Inc/Legacy -I../Drivers/CMSIS/Device/ST/STM32F7xx/Include -I../Drivers/CMSIS/Include -O0 -ffunction-sections -fdata-sections -fno-exceptions -fno-rtti -fno-use-cxa-atexit -Wall -fstack-usage -MMD -MP -MF"Core/module/mcx514/src/mcx514_command.d" -MT"Core/module/mcx514/src/mcx514_command.o" --specs=nano.specs -mfpu=fpv5-sp-d16 -mfloat-abi=hard -mthumb -o "Core/module/mcx514/src/mcx514_command.o"
arm-none-eabi-g++ -o "mcx514.elf" @"objects.list"   -mcpu=cortex-m7 -T"/home/studio3s/STM32CubeIDE/workspace_1.11.0/STM32F7_Modules/mcx514/STM32F746ZETX_FLASH.ld" --specs=nosys.specs -Wl,-Map="mcx514.map" -Wl,--gc-sections -static --specs=nano.specs -mfpu=fpv5-sp-d16 -mfloat-abi=hard -mthumb -Wl,--start-group -lc -lm -lstdc++ -lsupc++ -Wl,--end-group
Finished building target: mcx514.elf
 
arm-none-eabi-size   mcx514.elf 
arm-none-eabi-objdump -h -S  mcx514.elf  > "mcx514.list"
   text	   data	    bss	    dec	    hex	filename
 185976	    776	  31332	 218084	  353e4	mcx514.elf
Finished building: default.size.stdout
 
Finished building: mcx514.list
 
14:15:20 **** Incremental Build of configuration Debug for project mcx514 ****
make -j4 all 
arm-none-eabi-g++ "../Core/Src/main.cpp" -mcpu=cortex-m7 -std=gnu++14 -g3 -DDEBUG -DUSE_HAL_DRIVER -DSTM32F746xx -c -I../Core/Inc -I"/home/studio3s/STM32CubeIDE/workspace_1.11.0/STM32F7_Modules/mcx514/Core/module" -I../Drivers/STM32F7xx_HAL_Driver/Inc -I../Drivers/STM32F7xx_HAL_Driver/Inc/Legacy -I../Drivers/CMSIS/Device/ST/STM32F7xx/Include -I../Drivers/CMSIS/Include -O0 -ffunction-sections -fdata-sections -fno-exceptions -fno-rtti -fno-use-cxa-atexit -Wall -fstack-usage -MMD -MP -MF"Core/Src/main.d" -MT"Core/Src/main.o" --specs=nano.specs -mfpu=fpv5-sp-d16 -mfloat-abi=hard -mthumb -o "Core/Src/main.o"
arm-none-eabi-g++ -o "mcx514.elf" @"objects.list"   -mcpu=cortex-m7 -T"/home/studio3s/STM32CubeIDE/workspace_1.11.0/STM32F7_Modules/mcx514/STM32F746ZETX_FLASH.ld" --specs=nosys.specs -Wl,-Map="mcx514.map" -Wl,--gc-sections -static --specs=nano.specs -mfpu=fpv5-sp-d16 -mfloat-abi=hard -mthumb -Wl,--start-group -lc -lm -lstdc++ -lsupc++ -Wl,--end-group
Finished building target: mcx514.elf
 
arm-none-eabi-size   mcx514.elf 
arm-none-eabi-objdump -h -S  mcx514.elf  > "mcx514.list"
   text	   data	    bss	    dec	    hex	filename
 185976	    776	  31332	 218084	  353e4	mcx514.elf
Finished building: default.size.stdout
 
Finished building: mcx514.list
 
